Archive member included to satisfy reference by file (symbol)

build/lib/modules/freertos.a(tasks.o)
                              build/obj/src/main.o (xTaskCreate)
build/lib/modules/freertos.a(timers.o)
                              build/lib/modules/freertos.a(tasks.o) (xTimerCreateTimerTask)
build/lib/modules/freertos.a(port.o)
                              build/lib/modules/freertos.a(tasks.o) (pxPortInitialiseStack)
build/lib/modules/freertos.a(heap_4.o)
                              build/lib/modules/freertos.a(tasks.o) (pvPortMalloc)
build/lib/modules/freertos.a(list.o)
                              build/lib/modules/freertos.a(tasks.o) (vListInitialise)
build/lib/modules/freertos.a(queue.o)
                              build/lib/modules/freertos.a(timers.o) (xQueueGenericCreate)
build/lib/boards/edu-ciaa-nxp.a(board.o)
                              build/lib/modules/freertos.a(heap_4.o) (ucHeap)
build/lib/boards/edu-ciaa-nxp.a(armv7m_startup.o)
                              (Reset_Handler)
build/lib/boards/edu-ciaa-nxp.a(chip_18xx_43xx.o)
                              build/obj/src/bsp.o (SystemCoreClock)
build/lib/boards/edu-ciaa-nxp.a(clock_18xx_43xx.o)
                              build/lib/boards/edu-ciaa-nxp.a(chip_18xx_43xx.o) (Chip_Clock_GetClockInputHz)
build/lib/boards/edu-ciaa-nxp.a(sysinit.o)
                              build/lib/boards/edu-ciaa-nxp.a(armv7m_startup.o) (SystemInit)
build/lib/boards/edu-ciaa-nxp.a(board_lpcopen.o)
                              build/lib/boards/edu-ciaa-nxp.a(clock_18xx_43xx.o) (ExtRateIn)
build/lib/boards/edu-ciaa-nxp.a(board_sysinit.o)
                              build/lib/boards/edu-ciaa-nxp.a(sysinit.o) (Board_SystemInit)
build/lib/boards/edu-ciaa-nxp.a(adc_18xx_43xx.o)
                              build/lib/boards/edu-ciaa-nxp.a(board_lpcopen.o) (Chip_ADC_Init)
build/lib/boards/edu-ciaa-nxp.a(gpio_18xx_43xx.o)
                              build/lib/boards/edu-ciaa-nxp.a(board_lpcopen.o) (Chip_GPIO_Init)
build/lib/boards/edu-ciaa-nxp.a(i2c_18xx_43xx.o)
                              build/lib/boards/edu-ciaa-nxp.a(board_lpcopen.o) (Chip_I2C_Init)
build/lib/boards/edu-ciaa-nxp.a(ssp_18xx_43xx.o)
                              build/lib/boards/edu-ciaa-nxp.a(board_lpcopen.o) (Chip_SSP_SetBitRate)
build/lib/boards/edu-ciaa-nxp.a(sysinit_18xx_43xx.o)
                              build/lib/boards/edu-ciaa-nxp.a(board_sysinit.o) (Chip_SetupCoreClock)
build/lib/boards/edu-ciaa-nxp.a(uart_18xx_43xx.o)
                              build/lib/boards/edu-ciaa-nxp.a(board_lpcopen.o) (Chip_UART_Init)
build/lib/boards/edu-ciaa-nxp.a(ring_buffer.o)
                              build/lib/boards/edu-ciaa-nxp.a(uart_18xx_43xx.o) (RingBuffer_Insert)
/usr/local/share/gcc-arm-none-eabi-10.3-2021.10/bin/../lib/gcc/arm-none-eabi/10.3.1/thumb/v7e-m+fp/softfp/libgcc.a(_aeabi_uldivmod.o)
                              build/lib/boards/edu-ciaa-nxp.a(uart_18xx_43xx.o) (__aeabi_uldivmod)
/usr/local/share/gcc-arm-none-eabi-10.3-2021.10/bin/../lib/gcc/arm-none-eabi/10.3.1/thumb/v7e-m+fp/softfp/libgcc.a(_udivmoddi4.o)
                              /usr/local/share/gcc-arm-none-eabi-10.3-2021.10/bin/../lib/gcc/arm-none-eabi/10.3.1/thumb/v7e-m+fp/softfp/libgcc.a(_aeabi_uldivmod.o) (__udivmoddi4)
/usr/local/share/gcc-arm-none-eabi-10.3-2021.10/bin/../lib/gcc/arm-none-eabi/10.3.1/thumb/v7e-m+fp/softfp/libgcc.a(_dvmd_tls.o)
                              /usr/local/share/gcc-arm-none-eabi-10.3-2021.10/bin/../lib/gcc/arm-none-eabi/10.3.1/thumb/v7e-m+fp/softfp/libgcc.a(_aeabi_uldivmod.o) (__aeabi_ldiv0)
/usr/local/share/gcc-arm-none-eabi-10.3-2021.10/bin/../lib/gcc/arm-none-eabi/10.3.1/../../../../arm-none-eabi/lib/thumb/v7e-m+fp/softfp/libc_nano.a(lib_a-init.o)
                              build/lib/boards/edu-ciaa-nxp.a(armv7m_startup.o) (__libc_init_array)
/usr/local/share/gcc-arm-none-eabi-10.3-2021.10/bin/../lib/gcc/arm-none-eabi/10.3.1/../../../../arm-none-eabi/lib/thumb/v7e-m+fp/softfp/libc_nano.a(lib_a-memcpy-stub.o)
                              build/lib/modules/freertos.a(queue.o) (memcpy)
/usr/local/share/gcc-arm-none-eabi-10.3-2021.10/bin/../lib/gcc/arm-none-eabi/10.3.1/../../../../arm-none-eabi/lib/thumb/v7e-m+fp/softfp/libc_nano.a(lib_a-memset.o)
                              build/lib/modules/freertos.a(tasks.o) (memset)
/usr/local/share/gcc-arm-none-eabi-10.3-2021.10/bin/../lib/gcc/arm-none-eabi/10.3.1/../../../../arm-none-eabi/lib/thumb/v7e-m+fp/softfp/libc_nano.a(lib_a-strlen.o)
                              build/lib/modules/freertos.a(tasks.o) (strlen)

Discarded input sections

 .group         0x0000000000000000        0xc build/obj/src/bsp.o
 .group         0x0000000000000000        0xc build/obj/src/bsp.o
 .group         0x0000000000000000        0xc build/obj/src/bsp.o
 .group         0x0000000000000000        0xc build/obj/src/bsp.o
 .group         0x0000000000000000        0xc build/obj/src/bsp.o
[...]
Memory Configuration

Name             Origin             Length             Attributes
MFlashA512       0x000000001a000000 0x0000000000080000 xr
MFlashB512       0x000000001b000000 0x0000000000080000 xr
RamLoc32         0x0000000010000000 0x0000000000008000 xrw
RamLoc40         0x0000000010080000 0x000000000000a000 xrw
RamAHB32         0x0000000020000000 0x0000000000008000 xrw
RamAHB16         0x0000000020008000 0x0000000000004000 xrw
RamAHB_ETB16     0x000000002000c000 0x0000000000004000 xrw
*default*        0x0000000000000000 0xffffffffffffffff

Linker script and memory map

LOAD build/obj/src/bsp.o
LOAD build/obj/src/digital.o
LOAD build/obj/src/main.o
LOAD build/lib/modules/freertos.a
LOAD build/lib/boards/edu-ciaa-nxp.a
START GROUP
LOAD /usr/local/share/gcc-arm-none-eabi-10.3-2021.10/bin/../lib/gcc/arm-none-eabi/10.3.1/thumb/v7e-m+fp/softfp/libgcc.a
LOAD /usr/local/share/gcc-arm-none-eabi-10.3-2021.10/bin/../lib/gcc/arm-none-eabi/10.3.1/../../../../arm-none-eabi/lib/thumb/v7e-m+fp/softfp/libc_nano.a
END GROUP
START GROUP
LOAD /usr/local/share/gcc-arm-none-eabi-10.3-2021.10/bin/../lib/gcc/arm-none-eabi/10.3.1/thumb/v7e-m+fp/softfp/libgcc.a
LOAD /usr/local/share/gcc-arm-none-eabi-10.3-2021.10/bin/../lib/gcc/arm-none-eabi/10.3.1/../../../../arm-none-eabi/lib/thumb/v7e-m+fp/softfp/libc_nano.a
LOAD /usr/local/share/gcc-arm-none-eabi-10.3-2021.10/bin/../lib/gcc/arm-none-eabi/10.3.1/../../../../arm-none-eabi/lib/thumb/v7e-m+fp/softfp/libnosys.a
END GROUP
START GROUP
LOAD /usr/local/share/gcc-arm-none-eabi-10.3-2021.10/bin/../lib/gcc/arm-none-eabi/10.3.1/thumb/v7e-m+fp/softfp/libgcc.a
LOAD /usr/local/share/gcc-arm-none-eabi-10.3-2021.10/bin/../lib/gcc/arm-none-eabi/10.3.1/../../../../arm-none-eabi/lib/thumb/v7e-m+fp/softfp/libc_nano.a
LOAD /usr/local/share/gcc-arm-none-eabi-10.3-2021.10/bin/../lib/gcc/arm-none-eabi/10.3.1/../../../../arm-none-eabi/lib/thumb/v7e-m+fp/softfp/libnosys.a
END GROUP
                0x000000001a080000                __top_MFlashA512 = 0x1a080000
                0x000000001b080000                __top_MFlashB512 = 0x1b080000
                0x0000000010008000                __top_RamLoc32 = 0x10008000
                0x000000001008a000                __top_RamLoc40 = 0x1008a000
                0x0000000020008000                __top_RamAHB32 = 0x20008000
                0x000000002000c000                __top_RamAHB16 = 0x2000c000
                0x0000000020010000                __top_RamAHB_ETB16 = 0x20010000
START GROUP
LOAD /usr/local/share/gcc-arm-none-eabi-10.3-2021.10/bin/../lib/gcc/arm-none-eabi/10.3.1/thumb/v7e-m+fp/softfp/libgcc.a
LOAD /usr/local/share/gcc-arm-none-eabi-10.3-2021.10/bin/../lib/gcc/arm-none-eabi/10.3.1/../../../../arm-none-eabi/lib/thumb/v7e-m+fp/softfp/libc.a
LOAD /usr/local/share/gcc-arm-none-eabi-10.3-2021.10/bin/../lib/gcc/arm-none-eabi/10.3.1/../../../../arm-none-eabi/lib/thumb/v7e-m+fp/softfp/libm.a
END GROUP

.text_Flash2    0x000000001b000000        0x0
 FILL mask 0xff
 *(.text_Flash2*)
 *(.text_MFlashB512*)
 *(.text.$Flash2*)
 *(.text.$MFlashB512*)
 *(.rodata.$Flash2*)
 *(.rodata.$MFlashB512*)

.text           0x000000001a000000      0x15a
 FILL mask 0xff
                0x000000001a000000                __vectors_start__ = ABSOLUTE (.)
 *(.isr_vector)
 .isr_vector    0x000000001a000000       0x40 build/lib/boards/edu-ciaa-nxp.a(armv7m_startup.o)
                0x000000001a000000                g_pfnVectors
 *(.isr_vendor_vector)
                0x000000001a000040                . = ALIGN (0x4)
                0x000000001a000040                __section_table_start = .
                0x000000001a000040                __data_section_table = .
                0x000000001a000040        0x4 LONG 0x1a00f440 LOADADDR (.data)
                0x000000001a000044        0x4 LONG 0x10000000 ADDR (.data)
                0x000000001a000048        0x4 LONG 0x44 SIZEOF (.data)
                0x000000001a00004c        0x4 LONG 0x1a005440 LOADADDR (.data_RAM2)
                0x000000001a000050        0x4 LONG 0x10080000 ADDR (.data_RAM2)
                0x000000001a000054        0x4 LONG 0xa000 SIZEOF (.data_RAM2)
                0x000000001a000058        0x4 LONG 0x1a00f440 LOADADDR (.data_RAM3)
                0x000000001a00005c        0x4 LONG 0x20000000 ADDR (.data_RAM3)
                0x000000001a000060        0x4 LONG 0x0 SIZEOF (.data_RAM3)
                0x000000001a000064        0x4 LONG 0x1a00f440 LOADADDR (.data_RAM4)
                0x000000001a000068        0x4 LONG 0x20008000 ADDR (.data_RAM4)
                0x000000001a00006c        0x4 LONG 0x0 SIZEOF (.data_RAM4)
                0x000000001a000070        0x4 LONG 0x1a00f440 LOADADDR (.data_RAM5)
                0x000000001a000074        0x4 LONG 0x2000c000 ADDR (.data_RAM5)
                0x000000001a000078        0x4 LONG 0x0 SIZEOF (.data_RAM5)
                0x000000001a00007c                __data_section_table_end = .
                0x000000001a00007c                __bss_section_table = .
                0x000000001a00007c        0x4 LONG 0x10000044 ADDR (.bss)
                0x000000001a000080        0x4 LONG 0x238 SIZEOF (.bss)
                0x000000001a000084        0x4 LONG 0x1008a000 ADDR (.bss_RAM2)
                0x000000001a000088        0x4 LONG 0x0 SIZEOF (.bss_RAM2)
                0x000000001a00008c        0x4 LONG 0x20000000 ADDR (.bss_RAM3)
                0x000000001a000090        0x4 LONG 0x0 SIZEOF (.bss_RAM3)
                0x000000001a000094        0x4 LONG 0x20008000 ADDR (.bss_RAM4)
                0x000000001a000098        0x4 LONG 0x0 SIZEOF (.bss_RAM4)
                0x000000001a00009c        0x4 LONG 0x2000c000 ADDR (.bss_RAM5)
                0x000000001a0000a0        0x4 LONG 0x0 SIZEOF (.bss_RAM5)
                0x000000001a0000a4                __bss_section_table_end = .
                0x000000001a0000a4                __section_table_end = .
 *(.after_vectors*)
 .after_vectors
                0x000000001a0000a4       0xb6 build/lib/boards/edu-ciaa-nxp.a(armv7m_startup.o)
                0x000000001a0000a4                data_init
                0x000000001a0000ea                bss_init
                0x000000001a000124                NMI_Handler
                0x000000001a00012a                HardFault_Handler
                0x000000001a000130                MemManage_Handler
                0x000000001a000136                BusFault_Handler
                0x000000001a00013c                UsageFault_Handler
                0x000000001a000148                DebugMon_Handler

.glue_7         0x000000001a00015c        0x0
 .glue_7        0x000000001a00015c        0x0 linker stubs

.glue_7t        0x000000001a00015c        0x0
 .glue_7t       0x000000001a00015c        0x0 linker stubs

.vfp11_veneer   0x000000001a00015c        0x0
 .vfp11_veneer  0x000000001a00015c        0x0 linker stubs

.v4_bx          0x000000001a00015c        0x0
 .v4_bx         0x000000001a00015c        0x0 linker stubs

.iplt           0x000000001a00015c        0x0
 .iplt          0x000000001a00015c        0x0 build/obj/src/bsp.o
                0x000000001a00015c                . = ALIGN (0x4)

.preinit_array  0x000000001a00015a        0x0
                0x000000001a00015a                PROVIDE (__preinit_array_start = .)
 *(.preinit_array*)
                0x000000001a00015a                PROVIDE (__preinit_array_end = .)

.init_array     0x000000001a00015a        0x0
                0x000000001a00015a                PROVIDE (__init_array_start = .)
 *(SORT_BY_NAME(.init_array.*))
 *(.init_array*)
                0x000000001a00015a                PROVIDE (__init_array_end = .)
                0x000000001a00015c                . = ALIGN (0x4)

.text           0x000000001a000160     0x52d8
 *(.text*)
 .text.Chip_SCU_PinMuxSet
                0x000000001a000160       0x34 build/obj/src/bsp.o
 .text.Chip_GPIO_SetPinState
                0x000000001a000194       0x38 build/obj/src/bsp.o
 .text.Chip_GPIO_SetPinDIROutput
                0x000000001a0001cc       0x3e build/obj/src/bsp.o
 .text.Chip_GPIO_SetPinDIRInput
                0x000000001a00020a       0x40 build/obj/src/bsp.o
 .text.Chip_GPIO_SetPinDIR
                0x000000001a00024a       0x42 build/obj/src/bsp.o
 .text.BoardCreate
                0x000000001a00028c      0x120 build/obj/src/bsp.o
                0x000000001a00028c                BoardCreate
 .text.Chip_GPIO_SetPinState
                0x000000001a0003ac       0x38 build/obj/src/digital.o
 .text.Chip_GPIO_ReadPortBit
                0x000000001a0003e4       0x34 build/obj/src/digital.o
 .text.Chip_GPIO_SetPinDIROutput
                0x000000001a000418       0x3e build/obj/src/digital.o
 .text.Chip_GPIO_SetPinDIRInput
                0x000000001a000456       0x40 build/obj/src/digital.o
 .text.Chip_GPIO_SetPinDIR
                0x000000001a000496       0x42 build/obj/src/digital.o
 .text.Chip_GPIO_SetPinToggle
                0x000000001a0004d8       0x32 build/obj/src/digital.o
 *fill*         0x000000001a00050a        0x2 
 .text.DigitalInputAllocate
                0x000000001a00050c       0x6c build/obj/src/digital.o
                0x000000001a00050c                DigitalInputAllocate
 .text.DigitalOutputAllocate
                0x000000001a000578       0x6c build/obj/src/digital.o
                0x000000001a000578                DigitalOutputAllocate
 .text.DigitalInputCreate
                0x000000001a0005e4       0x50 build/obj/src/digital.o
                0x000000001a0005e4                DigitalInputCreate
 .text.DigitalInputGetState
                0x000000001a000634       0x3c build/obj/src/digital.o
                0x000000001a000634                DigitalInputGetState
 .text.DigitalInputHasActivated
                0x000000001a000670       0x46 build/obj/src/digital.o
                0x000000001a000670                DigitalInputHasActivated
 *fill*         0x000000001a0006b6        0x2 
 .text.DigitalOutputCreate
                0x000000001a0006b8       0x58 build/obj/src/digital.o
                0x000000001a0006b8                DigitalOutputCreate
 .text.DigitalOutputToggle
                0x000000001a000710       0x24 build/obj/src/digital.o
                0x000000001a000710                DigitalOutputToggle
 .text.Blinking
                0x000000001a000734       0x38 build/obj/src/main.o
                0x000000001a000734                Blinking
 .text.BlinkingSync
                0x000000001a00076c       0x48 build/obj/src/main.o
                0x000000001a00076c                BlinkingSync
 .text.TecScan  0x000000001a0007b4       0x78 build/obj/src/main.o
                0x000000001a0007b4                TecScan
 .text.main     0x000000001a00082c       0xcc build/obj/src/main.o
                0x000000001a00082c                main
 .text.xTaskCreate
                0x000000001a0008f8       0x82 build/lib/modules/freertos.a(tasks.o)
                0x000000001a0008f8                xTaskCreate
 .text.prvInitialiseNewTask
                0x000000001a00097a      0x12c build/lib/modules/freertos.a(tasks.o)
 *fill*         0x000000001a000aa6        0x2 
 .text.prvAddNewTaskToReadyList
                0x000000001a000aa8       0xdc build/lib/modules/freertos.a(tasks.o)
 .text.xTaskDelayUntil
                0x000000001a000b84       0xfc build/lib/modules/freertos.a(tasks.o)
                0x000000001a000b84                xTaskDelayUntil
 .text.vTaskDelay
                0x000000001a000c80       0x68 build/lib/modules/freertos.a(tasks.o)
                0x000000001a000c80                vTaskDelay
 .text.vTaskSuspend
                0x000000001a000ce8      0x140 build/lib/modules/freertos.a(tasks.o)
                0x000000001a000ce8                vTaskSuspend
 .text.prvTaskIsTaskSuspended
                0x000000001a000e28       0x64 build/lib/modules/freertos.a(tasks.o)
 .text.vTaskResume
                0x000000001a000e8c       0xbc build/lib/modules/freertos.a(tasks.o)
                0x000000001a000e8c                vTaskResume
 .text.vTaskStartScheduler
                0x000000001a000f48       0xa4 build/lib/modules/freertos.a(tasks.o)
                0x000000001a000f48                vTaskStartScheduler
 .text.vTaskSuspendAll
                0x000000001a000fec       0x1c build/lib/modules/freertos.a(tasks.o)
                0x000000001a000fec                vTaskSuspendAll
 .text.xTaskResumeAll
                0x000000001a001008      0x138 build/lib/modules/freertos.a(tasks.o)
                0x000000001a001008                xTaskResumeAll
 .text.xTaskGetTickCount
                0x000000001a001140       0x20 build/lib/modules/freertos.a(tasks.o)
                0x000000001a001140                xTaskGetTickCount
 .text.prvSearchForNameWithinSingleList
                0x000000001a001160       0xdc build/lib/modules/freertos.a(tasks.o)
 .text.xTaskGetHandle
                0x000000001a00123c       0xcc build/lib/modules/freertos.a(tasks.o)
                0x000000001a00123c                xTaskGetHandle
 .text.xTaskIncrementTick
                0x000000001a001308      0x170 build/lib/modules/freertos.a(tasks.o)
                0x000000001a001308                xTaskIncrementTick
 .text.vTaskSwitchContext
                0x000000001a001478       0xb8 build/lib/modules/freertos.a(tasks.o)
                0x000000001a001478                vTaskSwitchContext
 .text.vTaskPlaceOnEventList
                0x000000001a001530       0x48 build/lib/modules/freertos.a(tasks.o)
                0x000000001a001530                vTaskPlaceOnEventList
 .text.vTaskPlaceOnEventListRestricted
                0x000000001a001578       0x58 build/lib/modules/freertos.a(tasks.o)
                0x000000001a001578                vTaskPlaceOnEventListRestricted
 .text.xTaskRemoveFromEventList
                0x000000001a0015d0       0xc4 build/lib/modules/freertos.a(tasks.o)
                0x000000001a0015d0                xTaskRemoveFromEventList
 .text.vTaskInternalSetTimeOutState
                0x000000001a001694       0x2c build/lib/modules/freertos.a(tasks.o)
                0x000000001a001694                vTaskInternalSetTimeOutState
 .text.xTaskCheckForTimeOut
                0x000000001a0016c0       0xcc build/lib/modules/freertos.a(tasks.o)
                0x000000001a0016c0                xTaskCheckForTimeOut
 .text.vTaskMissedYield
                0x000000001a00178c       0x18 build/lib/modules/freertos.a(tasks.o)
                0x000000001a00178c                vTaskMissedYield
 .text.prvIdleTask
                0x000000001a0017a4       0x30 build/lib/modules/freertos.a(tasks.o)
 .text.prvInitialiseTaskLists
                0x000000001a0017d4       0x80 build/lib/modules/freertos.a(tasks.o)
 .text.prvCheckTasksWaitingTermination
                0x000000001a001854       0x5c build/lib/modules/freertos.a(tasks.o)
 .text.prvDeleteTCB
                0x000000001a0018b0       0x20 build/lib/modules/freertos.a(tasks.o)
 .text.prvResetNextTaskUnblockTime
                0x000000001a0018d0       0x38 build/lib/modules/freertos.a(tasks.o)
 .text.xTaskGetSchedulerState
                0x000000001a001908       0x3c build/lib/modules/freertos.a(tasks.o)
                0x000000001a001908                xTaskGetSchedulerState
 .text.xTaskPriorityDisinherit
                0x000000001a001944       0xf4 build/lib/modules/freertos.a(tasks.o)
                0x000000001a001944                xTaskPriorityDisinherit
 .text.prvAddCurrentTaskToDelayedList
                0x000000001a001a38       0xcc build/lib/modules/freertos.a(tasks.o)
 .text.xTimerCreateTimerTask
                0x000000001a001b04       0x64 build/lib/modules/freertos.a(timers.o)
                0x000000001a001b04                xTimerCreateTimerTask
 .text.xTimerGenericCommand
                0x000000001a001b68       0x9c build/lib/modules/freertos.a(timers.o)
                0x000000001a001b68                xTimerGenericCommand
 .text.prvProcessExpiredTimer
                0x000000001a001c04       0x98 build/lib/modules/freertos.a(timers.o)
 .text.prvTimerTask
                0x000000001a001c9c       0x24 build/lib/modules/freertos.a(timers.o)
 .text.prvProcessTimerOrBlockTask
                0x000000001a001cc0       0x9c build/lib/modules/freertos.a(timers.o)
 .text.prvGetNextExpireTime
                0x000000001a001d5c       0x48 build/lib/modules/freertos.a(timers.o)
 .text.prvSampleTimeNow
                0x000000001a001da4       0x40 build/lib/modules/freertos.a(timers.o)
 .text.prvInsertTimerInActiveList
                0x000000001a001de4       0x84 build/lib/modules/freertos.a(timers.o)
 .text.prvProcessReceivedCommands
                0x000000001a001e68      0x1c4 build/lib/modules/freertos.a(timers.o)
 .text.prvSwitchTimerLists
                0x000000001a00202c       0xc8 build/lib/modules/freertos.a(timers.o)
 .text.prvCheckForValidListAndQueue
                0x000000001a0020f4       0x6c build/lib/modules/freertos.a(timers.o)
 .text.pxPortInitialiseStack
                0x000000001a002160       0x68 build/lib/modules/freertos.a(port.o)
                0x000000001a002160                pxPortInitialiseStack
 .text.prvTaskExitError
                0x000000001a0021c8       0x58 build/lib/modules/freertos.a(port.o)
 .text.SVC_Handler
                0x000000001a002220       0x28 build/lib/modules/freertos.a(port.o)
                0x000000001a002220                SVC_Handler
 .text.prvPortStartFirstTask
                0x000000001a002248       0x2c build/lib/modules/freertos.a(port.o)
 .text.xPortStartScheduler
                0x000000001a002274      0x164 build/lib/modules/freertos.a(port.o)
                0x000000001a002274                xPortStartScheduler
 .text.vPortEnterCritical
                0x000000001a0023d8       0x60 build/lib/modules/freertos.a(port.o)
                0x000000001a0023d8                vPortEnterCritical
 .text.vPortExitCritical
                0x000000001a002438       0x54 build/lib/modules/freertos.a(port.o)
                0x000000001a002438                vPortExitCritical
 *fill*         0x000000001a00248c        0x4 
 .text.PendSV_Handler
                0x000000001a002490       0x68 build/lib/modules/freertos.a(port.o)
                0x000000001a002490                PendSV_Handler
 .text.SysTick_Handler
                0x000000001a0024f8       0x44 build/lib/modules/freertos.a(port.o)
                0x000000001a0024f8                SysTick_Handler
 .text.vPortSetupTimerInterrupt
                0x000000001a00253c       0x48 build/lib/modules/freertos.a(port.o)
                0x000000001a00253c                vPortSetupTimerInterrupt
 .text.vPortEnableVFP
                0x000000001a002584       0x18 build/lib/modules/freertos.a(port.o)
 .text.vPortValidateInterruptPriority
                0x000000001a00259c       0x80 build/lib/modules/freertos.a(port.o)
                0x000000001a00259c                vPortValidateInterruptPriority
 .text.pvPortMalloc
                0x000000001a00261c      0x1c0 build/lib/modules/freertos.a(heap_4.o)
                0x000000001a00261c                pvPortMalloc
 .text.vPortFree
                0x000000001a0027dc       0xc4 build/lib/modules/freertos.a(heap_4.o)
                0x000000001a0027dc                vPortFree
 .text.prvHeapInit
                0x000000001a0028a0       0xc4 build/lib/modules/freertos.a(heap_4.o)
 .text.prvInsertBlockIntoFreeList
                0x000000001a002964       0xb4 build/lib/modules/freertos.a(heap_4.o)
 .text.vListInitialise
                0x000000001a002a18       0x40 build/lib/modules/freertos.a(list.o)
                0x000000001a002a18                vListInitialise
 .text.vListInitialiseItem
                0x000000001a002a58       0x1a build/lib/modules/freertos.a(list.o)
                0x000000001a002a58                vListInitialiseItem
 .text.vListInsertEnd
                0x000000001a002a72       0x48 build/lib/modules/freertos.a(list.o)
                0x000000001a002a72                vListInsertEnd
 .text.vListInsert
                0x000000001a002aba       0x72 build/lib/modules/freertos.a(list.o)
                0x000000001a002aba                vListInsert
 .text.uxListRemove
                0x000000001a002b2c       0x54 build/lib/modules/freertos.a(list.o)
                0x000000001a002b2c                uxListRemove
 .text.xQueueGenericReset
                0x000000001a002b80       0xd0 build/lib/modules/freertos.a(queue.o)
                0x000000001a002b80                xQueueGenericReset
 .text.xQueueGenericCreate
                0x000000001a002c50       0xbe build/lib/modules/freertos.a(queue.o)
                0x000000001a002c50                xQueueGenericCreate
 .text.prvInitialiseNewQueue
                0x000000001a002d0e       0x46 build/lib/modules/freertos.a(queue.o)
 .text.xQueueGenericSend
                0x000000001a002d54      0x1fc build/lib/modules/freertos.a(queue.o)
                0x000000001a002d54                xQueueGenericSend
 .text.xQueueGenericSendFromISR
                0x000000001a002f50      0x154 build/lib/modules/freertos.a(queue.o)
                0x000000001a002f50                xQueueGenericSendFromISR
 .text.xQueueReceive
                0x000000001a0030a4      0x1c0 build/lib/modules/freertos.a(queue.o)
                0x000000001a0030a4                xQueueReceive
 .text.prvCopyDataToQueue
                0x000000001a003264       0xd4 build/lib/modules/freertos.a(queue.o)
 .text.prvCopyDataFromQueue
                0x000000001a003338       0x4c build/lib/modules/freertos.a(queue.o)
 .text.prvUnlockQueue
                0x000000001a003384       0xa4 build/lib/modules/freertos.a(queue.o)
 .text.prvIsQueueEmpty
                0x000000001a003428       0x2c build/lib/modules/freertos.a(queue.o)
 .text.prvIsQueueFull
                0x000000001a003454       0x30 build/lib/modules/freertos.a(queue.o)
 .text.vQueueAddToRegistry
                0x000000001a003484       0x54 build/lib/modules/freertos.a(queue.o)
                0x000000001a003484                vQueueAddToRegistry
 .text.vQueueWaitForMessageRestricted
                0x000000001a0034d8       0x68 build/lib/modules/freertos.a(queue.o)
                0x000000001a0034d8                vQueueWaitForMessageRestricted
 .text.initialise_monitor_handles
                0x000000001a003540        0xe build/lib/boards/edu-ciaa-nxp.a(armv7m_startup.o)
                0x000000001a003540                initialise_monitor_handles
 .text._fini    0x000000001a00354e        0xe build/lib/boards/edu-ciaa-nxp.a(armv7m_startup.o)
                0x000000001a00354e                _fini
 .text._init    0x000000001a00355c        0xe build/lib/boards/edu-ciaa-nxp.a(armv7m_startup.o)
                0x000000001a00355c                _init
 *fill*         0x000000001a00356a        0x2 
 .text.Reset_Handler
                0x000000001a00356c       0xcc build/lib/boards/edu-ciaa-nxp.a(armv7m_startup.o)
                0x000000001a00356c                Reset_Handler
 .text.SystemCoreClockUpdate
                0x000000001a003638       0x18 build/lib/boards/edu-ciaa-nxp.a(chip_18xx_43xx.o)
                0x000000001a003638                SystemCoreClockUpdate
 .text.ABS      0x000000001a003650       0x22 build/lib/boards/edu-ciaa-nxp.a(clock_18xx_43xx.o)
 *fill*         0x000000001a003672        0x2 
 .text.pll_calc_divs
                0x000000001a003674      0x124 build/lib/boards/edu-ciaa-nxp.a(clock_18xx_43xx.o)
 .text.pll_get_frac
                0x000000001a003798      0x180 build/lib/boards/edu-ciaa-nxp.a(clock_18xx_43xx.o)
 .text.Chip_Clock_GetDivRate
                0x000000001a003918       0x40 build/lib/boards/edu-ciaa-nxp.a(clock_18xx_43xx.o)
 .text.Chip_Clock_FindBaseClock
                0x000000001a003958       0x90 build/lib/boards/edu-ciaa-nxp.a(clock_18xx_43xx.o)
 .text.Chip_Clock_EnableCrystal
                0x000000001a0039e8       0x70 build/lib/boards/edu-ciaa-nxp.a(clock_18xx_43xx.o)
                0x000000001a0039e8                Chip_Clock_EnableCrystal
 .text.Chip_Clock_CalcMainPLLValue
                0x000000001a003a58       0xd8 build/lib/boards/edu-ciaa-nxp.a(clock_18xx_43xx.o)
                0x000000001a003a58                Chip_Clock_CalcMainPLLValue
 .text.Chip_Clock_GetMainPLLHz
                0x000000001a003b30       0xbc build/lib/boards/edu-ciaa-nxp.a(clock_18xx_43xx.o)
                0x000000001a003b30                Chip_Clock_GetMainPLLHz
 .text.Chip_Clock_GetDividerSource
                0x000000001a003bec       0x40 build/lib/boards/edu-ciaa-nxp.a(clock_18xx_43xx.o)
                0x000000001a003bec                Chip_Clock_GetDividerSource
 .text.Chip_Clock_GetDividerDivisor
                0x000000001a003c2c       0x38 build/lib/boards/edu-ciaa-nxp.a(clock_18xx_43xx.o)
                0x000000001a003c2c                Chip_Clock_GetDividerDivisor
 .text.Chip_Clock_GetClockInputHz
                0x000000001a003c64      0x140 build/lib/boards/edu-ciaa-nxp.a(clock_18xx_43xx.o)
                0x000000001a003c64                Chip_Clock_GetClockInputHz
 .text.Chip_Clock_GetBaseClocktHz
                0x000000001a003da4       0x24 build/lib/boards/edu-ciaa-nxp.a(clock_18xx_43xx.o)
                0x000000001a003da4                Chip_Clock_GetBaseClocktHz
 .text.Chip_Clock_SetBaseClock
                0x000000001a003dc8       0x9c build/lib/boards/edu-ciaa-nxp.a(clock_18xx_43xx.o)
                0x000000001a003dc8                Chip_Clock_SetBaseClock
 .text.Chip_Clock_GetBaseClock
                0x000000001a003e64       0x4c build/lib/boards/edu-ciaa-nxp.a(clock_18xx_43xx.o)
                0x000000001a003e64                Chip_Clock_GetBaseClock
 .text.Chip_Clock_EnableOpts
                0x000000001a003eb0       0x7c build/lib/boards/edu-ciaa-nxp.a(clock_18xx_43xx.o)
                0x000000001a003eb0                Chip_Clock_EnableOpts
 .text.Chip_Clock_Enable
                0x000000001a003f2c       0x60 build/lib/boards/edu-ciaa-nxp.a(clock_18xx_43xx.o)
                0x000000001a003f2c                Chip_Clock_Enable
 .text.Chip_Clock_GetRate
                0x000000001a003f8c       0x88 build/lib/boards/edu-ciaa-nxp.a(clock_18xx_43xx.o)
                0x000000001a003f8c                Chip_Clock_GetRate
 .text.SCB_GetFPUType
                0x000000001a004014       0x2c build/lib/boards/edu-ciaa-nxp.a(sysinit.o)
 .text.SystemInit
                0x000000001a004040       0x38 build/lib/boards/edu-ciaa-nxp.a(sysinit.o)
                0x000000001a004040                SystemInit
 .text.Chip_SCU_I2C0PinConfig
                0x000000001a004078       0x20 build/lib/boards/edu-ciaa-nxp.a(board_lpcopen.o)
 .text.Chip_GPIO_SetPinState
                0x000000001a004098       0x38 build/lib/boards/edu-ciaa-nxp.a(board_lpcopen.o)
 .text.Chip_GPIO_SetPinDIROutput
                0x000000001a0040d0       0x3e build/lib/boards/edu-ciaa-nxp.a(board_lpcopen.o)
 .text.Chip_GPIO_SetPinDIRInput
                0x000000001a00410e       0x40 build/lib/boards/edu-ciaa-nxp.a(board_lpcopen.o)
 .text.Chip_SSP_Enable
                0x000000001a00414e       0x20 build/lib/boards/edu-ciaa-nxp.a(board_lpcopen.o)
 .text.Chip_SSP_SetFormat
                0x000000001a00416e       0x32 build/lib/boards/edu-ciaa-nxp.a(board_lpcopen.o)
 .text.Chip_SSP_Set_Mode
                0x000000001a0041a0       0x26 build/lib/boards/edu-ciaa-nxp.a(board_lpcopen.o)
 .text.Chip_UART_TXEnable
                0x000000001a0041c6       0x1a build/lib/boards/edu-ciaa-nxp.a(board_lpcopen.o)
 .text.Chip_UART_ConfigData
                0x000000001a0041e0       0x1c build/lib/boards/edu-ciaa-nxp.a(board_lpcopen.o)
 .text.Board_LED_Init
                0x000000001a0041fc       0x54 build/lib/boards/edu-ciaa-nxp.a(board_lpcopen.o)
 .text.Board_TEC_Init
                0x000000001a004250       0x44 build/lib/boards/edu-ciaa-nxp.a(board_lpcopen.o)
 .text.Board_GPIO_Init
                0x000000001a004294       0x44 build/lib/boards/edu-ciaa-nxp.a(board_lpcopen.o)
 .text.Board_I2C_Init
                0x000000001a0042d8       0x24 build/lib/boards/edu-ciaa-nxp.a(board_lpcopen.o)
 .text.Board_SPI_Init
                0x000000001a0042fc       0x38 build/lib/boards/edu-ciaa-nxp.a(board_lpcopen.o)
 .text.Board_ADC_Init
                0x000000001a004334       0x38 build/lib/boards/edu-ciaa-nxp.a(board_lpcopen.o)
 .text.Board_Debug_Init
                0x000000001a00436c       0x2c build/lib/boards/edu-ciaa-nxp.a(board_lpcopen.o)
                0x000000001a00436c                Board_Debug_Init
 .text.Board_Init
                0x000000001a004398       0x30 build/lib/boards/edu-ciaa-nxp.a(board_lpcopen.o)
                0x000000001a004398                Board_Init
 .text.Chip_SCU_PinMuxSet
                0x000000001a0043c8       0x34 build/lib/boards/edu-ciaa-nxp.a(board_sysinit.o)
 .text.Chip_SCU_SetPinMuxing
                0x000000001a0043fc       0x4c build/lib/boards/edu-ciaa-nxp.a(board_sysinit.o)
 .text.Chip_CREG_SetFlashAcceleration
                0x000000001a004448       0x54 build/lib/boards/edu-ciaa-nxp.a(board_sysinit.o)
 .text.Board_SetupMuxing
                0x000000001a00449c       0x14 build/lib/boards/edu-ciaa-nxp.a(board_sysinit.o)
                0x000000001a00449c                Board_SetupMuxing
 .text.Board_SetupClocking
                0x000000001a0044b0       0x74 build/lib/boards/edu-ciaa-nxp.a(board_sysinit.o)
                0x000000001a0044b0                Board_SetupClocking
 .text.Board_SystemInit
                0x000000001a004524       0x14 build/lib/boards/edu-ciaa-nxp.a(board_sysinit.o)
                0x000000001a004524                Board_SystemInit
 .text.getFullConvClk
                0x000000001a004538       0x10 build/lib/boards/edu-ciaa-nxp.a(adc_18xx_43xx.o)
 .text.Chip_ADC_GetClockIndex
                0x000000001a004548       0x2c build/lib/boards/edu-ciaa-nxp.a(adc_18xx_43xx.o)
 .text.getClkDiv
                0x000000001a004574       0x66 build/lib/boards/edu-ciaa-nxp.a(adc_18xx_43xx.o)
 *fill*         0x000000001a0045da        0x2 
 .text.Chip_ADC_Init
                0x000000001a0045dc       0x88 build/lib/boards/edu-ciaa-nxp.a(adc_18xx_43xx.o)
                0x000000001a0045dc                Chip_ADC_Init
 .text.Chip_ADC_SetSampleRate
                0x000000001a004664       0x64 build/lib/boards/edu-ciaa-nxp.a(adc_18xx_43xx.o)
                0x000000001a004664                Chip_ADC_SetSampleRate
 .text.Chip_ADC_SetResolution
                0x000000001a0046c8       0x2a build/lib/boards/edu-ciaa-nxp.a(adc_18xx_43xx.o)
                0x000000001a0046c8                Chip_ADC_SetResolution
 .text.Chip_GPIO_Init
                0x000000001a0046f2       0x14 build/lib/boards/edu-ciaa-nxp.a(gpio_18xx_43xx.o)
                0x000000001a0046f2                Chip_GPIO_Init
 *fill*         0x000000001a004706        0x2 
 .text.enableClk
                0x000000001a004708       0x30 build/lib/boards/edu-ciaa-nxp.a(i2c_18xx_43xx.o)
 .text.getClkRate
                0x000000001a004738       0x30 build/lib/boards/edu-ciaa-nxp.a(i2c_18xx_43xx.o)
 .text.Chip_I2C_EventHandler
                0x000000001a004768       0x4c build/lib/boards/edu-ciaa-nxp.a(i2c_18xx_43xx.o)
                0x000000001a004768                Chip_I2C_EventHandler
 .text.Chip_I2C_Init
                0x000000001a0047b4       0x34 build/lib/boards/edu-ciaa-nxp.a(i2c_18xx_43xx.o)
                0x000000001a0047b4                Chip_I2C_Init
 .text.Chip_I2C_SetClockRate
                0x000000001a0047e8       0x68 build/lib/boards/edu-ciaa-nxp.a(i2c_18xx_43xx.o)
                0x000000001a0047e8                Chip_I2C_SetClockRate
 .text.Chip_SSP_SetFormat
                0x000000001a004850       0x32 build/lib/boards/edu-ciaa-nxp.a(ssp_18xx_43xx.o)
 .text.Chip_SSP_Set_Mode
                0x000000001a004882       0x26 build/lib/boards/edu-ciaa-nxp.a(ssp_18xx_43xx.o)
 .text.Chip_SSP_GetClockIndex
                0x000000001a0048a8       0x2c build/lib/boards/edu-ciaa-nxp.a(ssp_18xx_43xx.o)
 .text.Chip_SSP_GetPeriphClockIndex
                0x000000001a0048d4       0x30 build/lib/boards/edu-ciaa-nxp.a(ssp_18xx_43xx.o)
 .text.Chip_SSP_SetClockRate
                0x000000001a004904       0x36 build/lib/boards/edu-ciaa-nxp.a(ssp_18xx_43xx.o)
                0x000000001a004904                Chip_SSP_SetClockRate
 .text.Chip_SSP_SetBitRate
                0x000000001a00493a       0x74 build/lib/boards/edu-ciaa-nxp.a(ssp_18xx_43xx.o)
                0x000000001a00493a                Chip_SSP_SetBitRate
 *fill*         0x000000001a0049ae        0x2 
 .text.Chip_SSP_Init
                0x000000001a0049b0       0x4c build/lib/boards/edu-ciaa-nxp.a(ssp_18xx_43xx.o)
                0x000000001a0049b0                Chip_SSP_Init
 .text.Chip_Clock_DisableMainPLL
                0x000000001a0049fc       0x20 build/lib/boards/edu-ciaa-nxp.a(sysinit_18xx_43xx.o)
 .text.Chip_Clock_SetupMainPLL
                0x000000001a004a1c       0x48 build/lib/boards/edu-ciaa-nxp.a(sysinit_18xx_43xx.o)
 .text.Chip_Clock_MainPLLLocked
                0x000000001a004a64       0x24 build/lib/boards/edu-ciaa-nxp.a(sysinit_18xx_43xx.o)
 .text.Chip_SetupCoreClock
                0x000000001a004a88      0x148 build/lib/boards/edu-ciaa-nxp.a(sysinit_18xx_43xx.o)
                0x000000001a004a88                Chip_SetupCoreClock
 .text.Chip_UART_TXDisable
                0x000000001a004bd0       0x1a build/lib/boards/edu-ciaa-nxp.a(uart_18xx_43xx.o)
 .text.Chip_UART_SetupFIFOS
                0x000000001a004bea       0x1c build/lib/boards/edu-ciaa-nxp.a(uart_18xx_43xx.o)
 .text.Chip_UART_ConfigData
                0x000000001a004c06       0x1c build/lib/boards/edu-ciaa-nxp.a(uart_18xx_43xx.o)
 .text.Chip_UART_EnableDivisorAccess
                0x000000001a004c22       0x20 build/lib/boards/edu-ciaa-nxp.a(uart_18xx_43xx.o)
 .text.Chip_UART_DisableDivisorAccess
                0x000000001a004c42       0x20 build/lib/boards/edu-ciaa-nxp.a(uart_18xx_43xx.o)
 .text.Chip_UART_SetDivisorLatches
                0x000000001a004c62       0x28 build/lib/boards/edu-ciaa-nxp.a(uart_18xx_43xx.o)
 *fill*         0x000000001a004c8a        0x2 
 .text.Chip_UART_GetIndex
                0x000000001a004c8c       0x6c build/lib/boards/edu-ciaa-nxp.a(uart_18xx_43xx.o)
 .text.Chip_UART_Init
                0x000000001a004cf8       0x88 build/lib/boards/edu-ciaa-nxp.a(uart_18xx_43xx.o)
                0x000000001a004cf8                Chip_UART_Init
 .text.Chip_UART_SetBaudFDR
                0x000000001a004d80      0x180 build/lib/boards/edu-ciaa-nxp.a(uart_18xx_43xx.o)
                0x000000001a004d80                Chip_UART_SetBaudFDR
 .text          0x000000001a004f00       0x30 /usr/local/share/gcc-arm-none-eabi-10.3-2021.10/bin/../lib/gcc/arm-none-eabi/10.3.1/thumb/v7e-m+fp/softfp/libgcc.a(_aeabi_uldivmod.o)
                0x000000001a004f00                __aeabi_uldivmod
 .text          0x000000001a004f30      0x2d0 /usr/local/share/gcc-arm-none-eabi-10.3-2021.10/bin/../lib/gcc/arm-none-eabi/10.3.1/thumb/v7e-m+fp/softfp/libgcc.a(_udivmoddi4.o)
                0x000000001a004f30                __udivmoddi4
 .text          0x000000001a005200        0x4 /usr/local/share/gcc-arm-none-eabi-10.3-2021.10/bin/../lib/gcc/arm-none-eabi/10.3.1/thumb/v7e-m+fp/softfp/libgcc.a(_dvmd_tls.o)
                0x000000001a005200                __aeabi_ldiv0
                0x000000001a005200                __aeabi_idiv0
 .text.__libc_init_array
                0x000000001a005204       0x48 /usr/local/share/gcc-arm-none-eabi-10.3-2021.10/bin/../lib/gcc/arm-none-eabi/10.3.1/../../../../arm-none-eabi/lib/thumb/v7e-m+fp/softfp/libc_nano.a(lib_a-init.o)
                0x000000001a005204                __libc_init_array
 .text.memcpy   0x000000001a00524c       0x1c /usr/local/share/gcc-arm-none-eabi-10.3-2021.10/bin/../lib/gcc/arm-none-eabi/10.3.1/../../../../arm-none-eabi/lib/thumb/v7e-m+fp/softfp/libc_nano.a(lib_a-memcpy-stub.o)
                0x000000001a00524c                memcpy
 .text.memset   0x000000001a005268       0x10 /usr/local/share/gcc-arm-none-eabi-10.3-2021.10/bin/../lib/gcc/arm-none-eabi/10.3.1/../../../../arm-none-eabi/lib/thumb/v7e-m+fp/softfp/libc_nano.a(lib_a-memset.o)
                0x000000001a005268                memset
 .text          0x000000001a005278       0x10 /usr/local/share/gcc-arm-none-eabi-10.3-2021.10/bin/../lib/gcc/arm-none-eabi/10.3.1/../../../../arm-none-eabi/lib/thumb/v7e-m+fp/softfp/libc_nano.a(lib_a-strlen.o)
                0x000000001a005278                strlen
 *(.rodata .rodata.* .constdata .constdata.*)
 .rodata        0x000000001a005288       0x24 build/obj/src/main.o
 .rodata        0x000000001a0052ac        0x5 build/lib/modules/freertos.a(tasks.o)
 *fill*         0x000000001a0052b1        0x3 
 .rodata        0x000000001a0052b4        0xd build/lib/modules/freertos.a(timers.o)
 *fill*         0x000000001a0052c1        0x3 
 .rodata.periph_to_base
                0x000000001a0052c4       0x6c build/lib/boards/edu-ciaa-nxp.a(clock_18xx_43xx.o)
 .rodata        0x000000001a005330        0x6 build/lib/boards/edu-ciaa-nxp.a(clock_18xx_43xx.o)
 *fill*         0x000000001a005336        0x2 
 .rodata.ExtRateIn
                0x000000001a005338        0x4 build/lib/boards/edu-ciaa-nxp.a(board_lpcopen.o)
                0x000000001a005338                ExtRateIn
 .rodata.OscRateIn
                0x000000001a00533c        0x4 build/lib/boards/edu-ciaa-nxp.a(board_lpcopen.o)
                0x000000001a00533c                OscRateIn
 .rodata.GpioLeds
                0x000000001a005340        0xc build/lib/boards/edu-ciaa-nxp.a(board_lpcopen.o)
 .rodata.GpioButtons
                0x000000001a00534c        0x8 build/lib/boards/edu-ciaa-nxp.a(board_lpcopen.o)
 .rodata.GpioPorts
                0x000000001a005354       0x12 build/lib/boards/edu-ciaa-nxp.a(board_lpcopen.o)
 *fill*         0x000000001a005366        0x2 
 .rodata.InitClkStates
                0x000000001a005368        0x4 build/lib/boards/edu-ciaa-nxp.a(board_sysinit.o)
 .rodata.pinmuxing
                0x000000001a00536c       0x74 build/lib/boards/edu-ciaa-nxp.a(board_sysinit.o)
 .rodata.InitClkStates
                0x000000001a0053e0       0x48 build/lib/boards/edu-ciaa-nxp.a(sysinit_18xx_43xx.o)
 .rodata.UART_PClock
                0x000000001a005428        0x8 build/lib/boards/edu-ciaa-nxp.a(uart_18xx_43xx.o)
 .rodata.UART_BClock
                0x000000001a005430        0x8 build/lib/boards/edu-ciaa-nxp.a(uart_18xx_43xx.o)
                0x000000001a005438                . = ALIGN (0x4)

.ARM.extab
 *(.ARM.extab* .gnu.linkonce.armextab.*)
                0x000000001a005438                __exidx_start = .

.ARM.exidx      0x000000001a005438        0x8
 *(.ARM.exidx* .gnu.linkonce.armexidx.*)
 .ARM.exidx     0x000000001a005438        0x8 /usr/local/share/gcc-arm-none-eabi-10.3-2021.10/bin/../lib/gcc/arm-none-eabi/10.3.1/thumb/v7e-m+fp/softfp/libgcc.a(_udivmoddi4.o)
                0x000000001a005440                __exidx_end = .
                0x000000001a005440                _etext = .

.rel.dyn        0x000000001a005440        0x0
 .rel.iplt      0x000000001a005440        0x0 build/obj/src/bsp.o

.data_RAM2      0x0000000010080000     0xa000 load address 0x000000001a005440
 FILL mask 0xff
 *(.ramfunc.$RAM2)
 *(.ramfunc.$RamLoc40)
 *(.data.$RAM2*)
 .data.$RAM2    0x0000000010080000     0xa000 build/lib/boards/edu-ciaa-nxp.a(board.o)
                0x0000000010080000                ucHeap
 *(.data.$RamLoc40*)
                0x000000001008a000                . = ALIGN (0x4)

.data_RAM3      0x0000000020000000        0x0 load address 0x000000001a00f440
 FILL mask 0xff
 *(.ramfunc.$RAM3)
 *(.ramfunc.$RamAHB32)
 *(.data.$RAM3*)
 *(.data.$RamAHB32*)
                0x0000000020000000                . = ALIGN (0x4)

.data_RAM4      0x0000000020008000        0x0 load address 0x000000001a00f440
 FILL mask 0xff
 *(.ramfunc.$RAM4)
 *(.ramfunc.$RamAHB16)
 *(.data.$RAM4*)
 *(.data.$RamAHB16*)
                0x0000000020008000                . = ALIGN (0x4)

.data_RAM5      0x000000002000c000        0x0 load address 0x000000001a00f440
 FILL mask 0xff
 *(.ramfunc.$RAM5)
 *(.ramfunc.$RamAHB_ETB16)
 *(.data.$RAM5*)
 *(.data.$RamAHB_ETB16*)
                0x000000002000c000                . = ALIGN (0x4)

.uninit_RESERVED
                0x0000000010000000        0x0
 *(.bss.$RESERVED*)
                0x0000000010000000                . = ALIGN (0x4)
                0x0000000010000000                _end_uninit_RESERVED = .

.data           0x0000000010000000       0x44 load address 0x000000001a00f440
 FILL mask 0xff
                0x0000000010000000                _data = .
 *(vtable)
 *(.ramfunc*)
 *(.data*)
 .data.taskState.0
                0x0000000010000000        0x1 build/obj/src/main.o
 *fill*         0x0000000010000001        0x3 ff
 .data.uxTopUsedPriority
                0x0000000010000004        0x4 build/lib/modules/freertos.a(tasks.o)
                0x0000000010000004                uxTopUsedPriority
 .data.uxCriticalNesting
                0x0000000010000008        0x4 build/lib/modules/freertos.a(port.o)
 .data.i2c      0x000000001000000c       0x38 build/lib/boards/edu-ciaa-nxp.a(i2c_18xx_43xx.o)
                0x0000000010000044                . = ALIGN (0x4)
                0x0000000010000044                _edata = .

.igot.plt       0x0000000010000044        0x0 load address 0x000000001a00f484
 .igot.plt      0x0000000010000044        0x0 build/obj/src/bsp.o

.bss_RAM2       0x000000001008a000        0x0
 *(.bss.$RAM2*)
 *(.bss.$RamLoc40*)
                0x000000001008a000                . = ALIGN (0x4)

.bss_RAM3       0x0000000020000000        0x0
 *(.bss.$RAM3*)
 *(.bss.$RamAHB32*)
                0x0000000020000000                . = ALIGN (0x4)

.bss_RAM4       0x0000000020008000        0x0
 *(.bss.$RAM4*)
 *(.bss.$RamAHB16*)
                0x0000000020008000                . = ALIGN (0x4)

.bss_RAM5       0x000000002000c000        0x0
 *(.bss.$RAM5*)
 *(.bss.$RamAHB_ETB16*)
                0x000000002000c000                . = ALIGN (0x4)

.bss            0x0000000010000044      0x238
                0x0000000010000044                _bss = .
 *(.bss*)
 .bss.board     0x0000000010000044       0x20 build/obj/src/bsp.o
 .bss.instances.1
                0x0000000010000064       0x14 build/obj/src/digital.o
 .bss.instances.0
                0x0000000010000078        0xc build/obj/src/digital.o
 .bss.board     0x0000000010000084        0x4 build/obj/src/main.o
 .bss.parametros.1
                0x0000000010000088       0x18 build/obj/src/main.o
 .bss.pxCurrentTCB
                0x00000000100000a0        0x4 build/lib/modules/freertos.a(tasks.o)
                0x00000000100000a0                pxCurrentTCB
 .bss.pxReadyTasksLists
                0x00000000100000a4       0x8c build/lib/modules/freertos.a(tasks.o)
 .bss.xDelayedTaskList1
                0x0000000010000130       0x14 build/lib/modules/freertos.a(tasks.o)
 .bss.xDelayedTaskList2
                0x0000000010000144       0x14 build/lib/modules/freertos.a(tasks.o)
 .bss.pxDelayedTaskList
                0x0000000010000158        0x4 build/lib/modules/freertos.a(tasks.o)
 .bss.pxOverflowDelayedTaskList
                0x000000001000015c        0x4 build/lib/modules/freertos.a(tasks.o)
 .bss.xPendingReadyList
                0x0000000010000160       0x14 build/lib/modules/freertos.a(tasks.o)
 .bss.xTasksWaitingTermination
                0x0000000010000174       0x14 build/lib/modules/freertos.a(tasks.o)
 .bss.uxDeletedTasksWaitingCleanUp
                0x0000000010000188        0x4 build/lib/modules/freertos.a(tasks.o)
 .bss.xSuspendedTaskList
                0x000000001000018c       0x14 build/lib/modules/freertos.a(tasks.o)
 .bss.uxCurrentNumberOfTasks
                0x00000000100001a0        0x4 build/lib/modules/freertos.a(tasks.o)
 .bss.xTickCount
                0x00000000100001a4        0x4 build/lib/modules/freertos.a(tasks.o)
 .bss.uxTopReadyPriority
                0x00000000100001a8        0x4 build/lib/modules/freertos.a(tasks.o)
 .bss.xSchedulerRunning
                0x00000000100001ac        0x4 build/lib/modules/freertos.a(tasks.o)
 .bss.xPendedTicks
                0x00000000100001b0        0x4 build/lib/modules/freertos.a(tasks.o)
 .bss.xYieldPending
                0x00000000100001b4        0x4 build/lib/modules/freertos.a(tasks.o)
 .bss.xNumOfOverflows
                0x00000000100001b8        0x4 build/lib/modules/freertos.a(tasks.o)
 .bss.uxTaskNumber
                0x00000000100001bc        0x4 build/lib/modules/freertos.a(tasks.o)
 .bss.xNextTaskUnblockTime
                0x00000000100001c0        0x4 build/lib/modules/freertos.a(tasks.o)
 .bss.xIdleTaskHandle
                0x00000000100001c4        0x4 build/lib/modules/freertos.a(tasks.o)
 .bss.uxSchedulerSuspended
                0x00000000100001c8        0x4 build/lib/modules/freertos.a(tasks.o)
 .bss.xActiveTimerList1
                0x00000000100001cc       0x14 build/lib/modules/freertos.a(timers.o)
 .bss.xActiveTimerList2
                0x00000000100001e0       0x14 build/lib/modules/freertos.a(timers.o)
 .bss.pxCurrentTimerList
                0x00000000100001f4        0x4 build/lib/modules/freertos.a(timers.o)
 .bss.pxOverflowTimerList
                0x00000000100001f8        0x4 build/lib/modules/freertos.a(timers.o)
 .bss.xTimerQueue
                0x00000000100001fc        0x4 build/lib/modules/freertos.a(timers.o)
 .bss.xTimerTaskHandle
                0x0000000010000200        0x4 build/lib/modules/freertos.a(timers.o)
 .bss.xLastTime.0
                0x0000000010000204        0x4 build/lib/modules/freertos.a(timers.o)
 .bss.ucMaxSysCallPriority
                0x0000000010000208        0x1 build/lib/modules/freertos.a(port.o)
 *fill*         0x0000000010000209        0x3 
 .bss.ulMaxPRIGROUPValue
                0x000000001000020c        0x4 build/lib/modules/freertos.a(port.o)
 .bss.xStart    0x0000000010000210        0x8 build/lib/modules/freertos.a(heap_4.o)
 .bss.pxEnd     0x0000000010000218        0x4 build/lib/modules/freertos.a(heap_4.o)
 .bss.xFreeBytesRemaining
                0x000000001000021c        0x4 build/lib/modules/freertos.a(heap_4.o)
 .bss.xMinimumEverFreeBytesRemaining
                0x0000000010000220        0x4 build/lib/modules/freertos.a(heap_4.o)
 .bss.xNumberOfSuccessfulAllocations
                0x0000000010000224        0x4 build/lib/modules/freertos.a(heap_4.o)
 .bss.xNumberOfSuccessfulFrees
                0x0000000010000228        0x4 build/lib/modules/freertos.a(heap_4.o)
 .bss.xBlockAllocatedBit
                0x000000001000022c        0x4 build/lib/modules/freertos.a(heap_4.o)
 .bss.xQueueRegistry
                0x0000000010000230       0x40 build/lib/modules/freertos.a(queue.o)
                0x0000000010000230                xQueueRegistry
 .bss.SystemCoreClock
                0x0000000010000270        0x4 build/lib/boards/edu-ciaa-nxp.a(chip_18xx_43xx.o)
                0x0000000010000270                SystemCoreClock
 .bss.audio_usb_pll_freq
                0x0000000010000274        0x8 build/lib/boards/edu-ciaa-nxp.a(clock_18xx_43xx.o)
 *(COMMON)
                0x000000001000027c                . = ALIGN (0x4)
                0x000000001000027c                _ebss = .
                [!provide]                        PROVIDE (end = .)

.noinit_RAM2    0x000000001008a000        0x0
 *(.noinit.$RAM2*)
 *(.noinit.$RamLoc40*)
                0x000000001008a000                . = ALIGN (0x4)

.noinit_RAM3    0x0000000020000000        0x0
 *(.noinit.$RAM3*)
 *(.noinit.$RamAHB32*)
                0x0000000020000000                . = ALIGN (0x4)

.noinit_RAM4    0x0000000020008000        0x0
 *(.noinit.$RAM4*)
 *(.noinit.$RamAHB16*)
                0x0000000020008000                . = ALIGN (0x4)

.noinit_RAM5    0x000000002000c000        0x0
 *(.noinit.$RAM5*)
 *(.noinit.$RamAHB_ETB16*)
                0x000000002000c000                . = ALIGN (0x4)

.noinit         0x000000001000027c        0x0
                0x000000001000027c                _noinit = .
 *(.noinit*)
                0x000000001000027c                . = ALIGN (0x4)
                0x000000001000027c                _end_noinit = .
                [!provide]                        PROVIDE (_pvHeapStart = .)
                0x0000000010008000                PROVIDE (_vStackTop = (__top_RamLoc32 - 0x0))
                0xffffffff53ff449e                PROVIDE (__valid_user_code_checksum = (0x0 - ((((((_vStackTop + (Reset_Handler + 0x1)) + (NMI_Handler + 0x1)) + (HardFault_Handler + 0x1)) + (DEFINED (MemManage_Handler)?MemManage_Handler:0x0 + 0x1)) + (DEFINED (BusFault_Handler)?BusFault_Handler:0x0 + 0x1)) + (DEFINED (UsageFault_Handler)?UsageFault_Handler:0x0 + 0x1))))
OUTPUT(build/bin/TPN8_Lizarraga.elf elf32-littlearm)
LOAD linker stubs

.debug_info     0x0000000000000000    0x11c28
 .debug_info    0x0000000000000000      0xfab build/obj/src/bsp.o
 .debug_info    0x0000000000000fab      0x6d8 build/obj/src/digital.o
 .debug_info    0x0000000000001683      0x7a5 build/obj/src/main.o
 .debug_info    0x0000000000001e28     0x26d4 build/lib/modules/freertos.a(tasks.o)
 .debug_info    0x00000000000044fc     0x135e build/lib/modules/freertos.a(timers.o)
 .debug_info    0x000000000000585a      0x9cb build/lib/modules/freertos.a(port.o)
 .debug_info    0x0000000000006225      0x98f build/lib/modules/freertos.a(heap_4.o)
 .debug_info    0x0000000000006bb4      0x2d8 build/lib/modules/freertos.a(list.o)
 .debug_info    0x0000000000006e8c     0x1c97 build/lib/modules/freertos.a(queue.o)
 .debug_info    0x0000000000008b23      0x603 build/lib/boards/edu-ciaa-nxp.a(board.o)
 .debug_info    0x0000000000009126      0x2b5 build/lib/boards/edu-ciaa-nxp.a(armv7m_startup.o)
 .debug_info    0x00000000000093db      0xa65 build/lib/boards/edu-ciaa-nxp.a(chip_18xx_43xx.o)
 .debug_info    0x0000000000009e40     0x1678 build/lib/boards/edu-ciaa-nxp.a(clock_18xx_43xx.o)
 .debug_info    0x000000000000b4b8      0x33e build/lib/boards/edu-ciaa-nxp.a(sysinit.o)
 .debug_info    0x000000000000b7f6     0x14c8 build/lib/boards/edu-ciaa-nxp.a(board_lpcopen.o)
 .debug_info    0x000000000000ccbe      0xbce build/lib/boards/edu-ciaa-nxp.a(board_sysinit.o)
 .debug_info    0x000000000000d88c      0x9c1 build/lib/boards/edu-ciaa-nxp.a(adc_18xx_43xx.o)
 .debug_info    0x000000000000e24d      0x1e1 build/lib/boards/edu-ciaa-nxp.a(gpio_18xx_43xx.o)
 .debug_info    0x000000000000e42e     0x10f4 build/lib/boards/edu-ciaa-nxp.a(i2c_18xx_43xx.o)
 .debug_info    0x000000000000f522      0xc7d build/lib/boards/edu-ciaa-nxp.a(ssp_18xx_43xx.o)
 .debug_info    0x000000000001019f      0x921 build/lib/boards/edu-ciaa-nxp.a(sysinit_18xx_43xx.o)
 .debug_info    0x0000000000010ac0     0x1168 build/lib/boards/edu-ciaa-nxp.a(uart_18xx_43xx.o)

.debug_abbrev   0x0000000000000000     0x2c8e
 .debug_abbrev  0x0000000000000000      0x286 build/obj/src/bsp.o
 .debug_abbrev  0x0000000000000286      0x1fa build/obj/src/digital.o
 .debug_abbrev  0x0000000000000480      0x14a build/obj/src/main.o
 .debug_abbrev  0x00000000000005ca      0x2f5 build/lib/modules/freertos.a(tasks.o)
 .debug_abbrev  0x00000000000008bf      0x285 build/lib/modules/freertos.a(timers.o)
 .debug_abbrev  0x0000000000000b44      0x26b build/lib/modules/freertos.a(port.o)
 .debug_abbrev  0x0000000000000daf      0x224 build/lib/modules/freertos.a(heap_4.o)
 .debug_abbrev  0x0000000000000fd3       0xf2 build/lib/modules/freertos.a(list.o)
 .debug_abbrev  0x00000000000010c5      0x2b2 build/lib/modules/freertos.a(queue.o)
 .debug_abbrev  0x0000000000001377       0xfc build/lib/boards/edu-ciaa-nxp.a(board.o)
 .debug_abbrev  0x0000000000001473       0xfd build/lib/boards/edu-ciaa-nxp.a(armv7m_startup.o)
 .debug_abbrev  0x0000000000001570      0x173 build/lib/boards/edu-ciaa-nxp.a(chip_18xx_43xx.o)
 .debug_abbrev  0x00000000000016e3      0x2fc build/lib/boards/edu-ciaa-nxp.a(clock_18xx_43xx.o)
 .debug_abbrev  0x00000000000019df       0xfd build/lib/boards/edu-ciaa-nxp.a(sysinit.o)
 .debug_abbrev  0x0000000000001adc      0x394 build/lib/boards/edu-ciaa-nxp.a(board_lpcopen.o)
 .debug_abbrev  0x0000000000001e70      0x1d0 build/lib/boards/edu-ciaa-nxp.a(board_sysinit.o)
 .debug_abbrev  0x0000000000002040      0x1d2 build/lib/boards/edu-ciaa-nxp.a(adc_18xx_43xx.o)
 .debug_abbrev  0x0000000000002212       0xe7 build/lib/boards/edu-ciaa-nxp.a(gpio_18xx_43xx.o)
 .debug_abbrev  0x00000000000022f9      0x298 build/lib/boards/edu-ciaa-nxp.a(i2c_18xx_43xx.o)
 .debug_abbrev  0x0000000000002591      0x262 build/lib/boards/edu-ciaa-nxp.a(ssp_18xx_43xx.o)
 .debug_abbrev  0x00000000000027f3      0x196 build/lib/boards/edu-ciaa-nxp.a(sysinit_18xx_43xx.o)
 .debug_abbrev  0x0000000000002989      0x305 build/lib/boards/edu-ciaa-nxp.a(uart_18xx_43xx.o)

.debug_aranges  0x0000000000000000      0xe78
 .debug_aranges
                0x0000000000000000       0x60 build/obj/src/bsp.o
 .debug_aranges
                0x0000000000000060       0xa0 build/obj/src/digital.o
 .debug_aranges
                0x0000000000000100       0x38 build/obj/src/main.o
 .debug_aranges
                0x0000000000000138      0x208 build/lib/modules/freertos.a(tasks.o)
 .debug_aranges
                0x0000000000000340       0xe8 build/lib/modules/freertos.a(timers.o)
 .debug_aranges
                0x0000000000000428       0x80 build/lib/modules/freertos.a(port.o)
 .debug_aranges
                0x00000000000004a8       0x58 build/lib/modules/freertos.a(heap_4.o)
 .debug_aranges
                0x0000000000000500       0x40 build/lib/modules/freertos.a(list.o)
 .debug_aranges
                0x0000000000000540      0x140 build/lib/modules/freertos.a(queue.o)
 .debug_aranges
                0x0000000000000680       0x28 build/lib/boards/edu-ciaa-nxp.a(board.o)
 .debug_aranges
                0x00000000000006a8       0x90 build/lib/boards/edu-ciaa-nxp.a(armv7m_startup.o)
 .debug_aranges
                0x0000000000000738       0x40 build/lib/boards/edu-ciaa-nxp.a(chip_18xx_43xx.o)
 .debug_aranges
                0x0000000000000778      0x138 build/lib/boards/edu-ciaa-nxp.a(clock_18xx_43xx.o)
 .debug_aranges
                0x00000000000008b0       0x28 build/lib/boards/edu-ciaa-nxp.a(sysinit.o)
 .debug_aranges
                0x00000000000008d8      0x130 build/lib/boards/edu-ciaa-nxp.a(board_lpcopen.o)
 .debug_aranges
                0x0000000000000a08       0x48 build/lib/boards/edu-ciaa-nxp.a(board_sysinit.o)
 .debug_aranges
                0x0000000000000a50       0x98 build/lib/boards/edu-ciaa-nxp.a(adc_18xx_43xx.o)
 .debug_aranges
                0x0000000000000ae8       0x28 build/lib/boards/edu-ciaa-nxp.a(gpio_18xx_43xx.o)
 .debug_aranges
                0x0000000000000b10      0x118 build/lib/boards/edu-ciaa-nxp.a(i2c_18xx_43xx.o)
 .debug_aranges
                0x0000000000000c28       0xe8 build/lib/boards/edu-ciaa-nxp.a(ssp_18xx_43xx.o)
 .debug_aranges
                0x0000000000000d10       0x50 build/lib/boards/edu-ciaa-nxp.a(sysinit_18xx_43xx.o)
 .debug_aranges
                0x0000000000000d60      0x118 build/lib/boards/edu-ciaa-nxp.a(uart_18xx_43xx.o)

.debug_ranges   0x0000000000000000      0xd48
 .debug_ranges  0x0000000000000000       0x50 build/obj/src/bsp.o
 .debug_ranges  0x0000000000000050       0x90 build/obj/src/digital.o
 .debug_ranges  0x00000000000000e0       0x28 build/obj/src/main.o
 .debug_ranges  0x0000000000000108      0x1f8 build/lib/modules/freertos.a(tasks.o)
 .debug_ranges  0x0000000000000300       0xd8 build/lib/modules/freertos.a(timers.o)
 .debug_ranges  0x00000000000003d8       0x70 build/lib/modules/freertos.a(port.o)
 .debug_ranges  0x0000000000000448       0x48 build/lib/modules/freertos.a(heap_4.o)
 .debug_ranges  0x0000000000000490       0x30 build/lib/modules/freertos.a(list.o)
 .debug_ranges  0x00000000000004c0      0x130 build/lib/modules/freertos.a(queue.o)
 .debug_ranges  0x00000000000005f0       0x18 build/lib/boards/edu-ciaa-nxp.a(board.o)
 .debug_ranges  0x0000000000000608       0x80 build/lib/boards/edu-ciaa-nxp.a(armv7m_startup.o)
 .debug_ranges  0x0000000000000688       0x30 build/lib/boards/edu-ciaa-nxp.a(chip_18xx_43xx.o)
 .debug_ranges  0x00000000000006b8      0x140 build/lib/boards/edu-ciaa-nxp.a(clock_18xx_43xx.o)
 .debug_ranges  0x00000000000007f8       0x18 build/lib/boards/edu-ciaa-nxp.a(sysinit.o)
 .debug_ranges  0x0000000000000810      0x120 build/lib/boards/edu-ciaa-nxp.a(board_lpcopen.o)
 .debug_ranges  0x0000000000000930       0x38 build/lib/boards/edu-ciaa-nxp.a(board_sysinit.o)
 .debug_ranges  0x0000000000000968       0x88 build/lib/boards/edu-ciaa-nxp.a(adc_18xx_43xx.o)
 .debug_ranges  0x00000000000009f0       0x18 build/lib/boards/edu-ciaa-nxp.a(gpio_18xx_43xx.o)
 .debug_ranges  0x0000000000000a08      0x108 build/lib/boards/edu-ciaa-nxp.a(i2c_18xx_43xx.o)
 .debug_ranges  0x0000000000000b10       0xd8 build/lib/boards/edu-ciaa-nxp.a(ssp_18xx_43xx.o)
 .debug_ranges  0x0000000000000be8       0x40 build/lib/boards/edu-ciaa-nxp.a(sysinit_18xx_43xx.o)
 .debug_ranges  0x0000000000000c28      0x120 build/lib/boards/edu-ciaa-nxp.a(uart_18xx_43xx.o)

.debug_macro    0x0000000000000000     0xc3f9
 .debug_macro   0x0000000000000000      0x332 build/obj/src/bsp.o
 .debug_macro   0x0000000000000332      0xa9c build/obj/src/bsp.o
 .debug_macro   0x0000000000000dce       0x22 build/obj/src/bsp.o
 .debug_macro   0x0000000000000df0       0x22 build/obj/src/bsp.o
 .debug_macro   0x0000000000000e12       0x8e build/obj/src/bsp.o
 .debug_macro   0x0000000000000ea0       0x51 build/obj/src/bsp.o
 .debug_macro   0x0000000000000ef1      0x103 build/obj/src/bsp.o
 .debug_macro   0x0000000000000ff4       0x6a build/obj/src/bsp.o
 .debug_macro   0x000000000000105e      0x1df build/obj/src/bsp.o
 .debug_macro   0x000000000000123d       0x10 build/obj/src/bsp.o
 .debug_macro   0x000000000000124d       0x79 build/obj/src/bsp.o
 .debug_macro   0x00000000000012c6       0x22 build/obj/src/bsp.o
 .debug_macro   0x00000000000012e8       0x1c build/obj/src/bsp.o
 .debug_macro   0x0000000000001304       0x22 build/obj/src/bsp.o
 .debug_macro   0x0000000000001326       0xd9 build/obj/src/bsp.o
 .debug_macro   0x00000000000013ff     0x102d build/obj/src/bsp.o
 .debug_macro   0x000000000000242c      0x11f build/obj/src/bsp.o
 .debug_macro   0x000000000000254b      0x2c3 build/obj/src/bsp.o
 .debug_macro   0x000000000000280e      0x112 build/obj/src/bsp.o
 .debug_macro   0x0000000000002920       0x11 build/obj/src/bsp.o
 .debug_macro   0x0000000000002931       0x2a build/obj/src/bsp.o
 .debug_macro   0x000000000000295b       0x16 build/obj/src/bsp.o
 .debug_macro   0x0000000000002971      0x2e6 build/obj/src/bsp.o
 .debug_macro   0x0000000000002c57       0x82 build/obj/src/bsp.o
 .debug_macro   0x0000000000002cd9      0x13d build/obj/src/bsp.o
 .debug_macro   0x0000000000002e16      0x198 build/obj/src/bsp.o
 .debug_macro   0x0000000000002fae       0x34 build/obj/src/bsp.o
 .debug_macro   0x0000000000002fe2       0x58 build/obj/src/bsp.o
 .debug_macro   0x000000000000303a      0x236 build/obj/src/bsp.o
 .debug_macro   0x0000000000003270      0x572 build/obj/src/bsp.o
 .debug_macro   0x00000000000037e2       0x16 build/obj/src/bsp.o
 .debug_macro   0x00000000000037f8      0x18a build/obj/src/bsp.o
 .debug_macro   0x0000000000003982       0x88 build/obj/src/bsp.o
 .debug_macro   0x0000000000003a0a      0x1b9 build/obj/src/bsp.o
 .debug_macro   0x0000000000003bc3      0x1da build/obj/src/bsp.o
 .debug_macro   0x0000000000003d9d       0x40 build/obj/src/bsp.o
 .debug_macro   0x0000000000003ddd       0x1c build/obj/src/bsp.o
 .debug_macro   0x0000000000003df9       0x2e build/obj/src/bsp.o
 .debug_macro   0x0000000000003e27       0x2e build/obj/src/bsp.o
 .debug_macro   0x0000000000003e55       0x22 build/obj/src/bsp.o
 .debug_macro   0x0000000000003e77      0x201 build/obj/src/bsp.o
 .debug_macro   0x0000000000004078       0xe0 build/obj/src/bsp.o
 .debug_macro   0x0000000000004158      0x34c build/obj/src/bsp.o
 .debug_macro   0x00000000000044a4       0xdc build/obj/src/bsp.o
 .debug_macro   0x0000000000004580       0xc4 build/obj/src/bsp.o
 .debug_macro   0x0000000000004644       0x8f build/obj/src/bsp.o
 .debug_macro   0x00000000000046d3       0x94 build/obj/src/bsp.o
 .debug_macro   0x0000000000004767       0xb8 build/obj/src/bsp.o
 .debug_macro   0x000000000000481f       0x4c build/obj/src/bsp.o
 .debug_macro   0x000000000000486b       0x16 build/obj/src/bsp.o
 .debug_macro   0x0000000000004881      0x328 build/obj/src/bsp.o
 .debug_macro   0x0000000000004ba9       0x3a build/obj/src/bsp.o
 .debug_macro   0x0000000000004be3       0xd0 build/obj/src/bsp.o
 .debug_macro   0x0000000000004cb3       0x18 build/obj/src/bsp.o
 .debug_macro   0x0000000000004ccb       0x22 build/obj/src/bsp.o
 .debug_macro   0x0000000000004ced       0x40 build/obj/src/bsp.o
 .debug_macro   0x0000000000004d2d      0x130 build/obj/src/bsp.o
 .debug_macro   0x0000000000004e5d      0x325 build/obj/src/digital.o
 .debug_macro   0x0000000000005182      0x50e build/obj/src/main.o
 .debug_macro   0x0000000000005690      0x174 build/obj/src/main.o
 .debug_macro   0x0000000000005804       0x6c build/obj/src/main.o
 .debug_macro   0x0000000000005870       0x11 build/obj/src/main.o
 .debug_macro   0x0000000000005881       0x64 build/obj/src/main.o
 .debug_macro   0x00000000000058e5       0x1e build/obj/src/main.o
 .debug_macro   0x0000000000005903       0x35 build/obj/src/main.o
 .debug_macro   0x0000000000005938       0x34 build/obj/src/main.o
 .debug_macro   0x000000000000596c       0x16 build/obj/src/main.o
 .debug_macro   0x0000000000005982       0x35 build/obj/src/main.o
 .debug_macro   0x00000000000059b7      0x341 build/obj/src/main.o
 .debug_macro   0x0000000000005cf8       0x10 build/obj/src/main.o
 .debug_macro   0x0000000000005d08       0x16 build/obj/src/main.o
 .debug_macro   0x0000000000005d1e       0x43 build/obj/src/main.o
 .debug_macro   0x0000000000005d61       0x34 build/obj/src/main.o
 .debug_macro   0x0000000000005d95       0x10 build/obj/src/main.o
 .debug_macro   0x0000000000005da5       0x58 build/obj/src/main.o
 .debug_macro   0x0000000000005dfd      0x182 build/obj/src/main.o
 .debug_macro   0x0000000000005f7f       0x10 build/obj/src/main.o
 .debug_macro   0x0000000000005f8f       0x1c build/obj/src/main.o
 .debug_macro   0x0000000000005fab       0x52 build/obj/src/main.o
 .debug_macro   0x0000000000005ffd       0x22 build/obj/src/main.o
 .debug_macro   0x000000000000601f       0x10 build/obj/src/main.o
 .debug_macro   0x000000000000602f       0x52 build/obj/src/main.o
 .debug_macro   0x0000000000006081       0xd5 build/obj/src/main.o
 .debug_macro   0x0000000000006156       0x1c build/obj/src/main.o
 .debug_macro   0x0000000000006172       0x3d build/obj/src/main.o
 .debug_macro   0x00000000000061af       0x16 build/obj/src/main.o
 .debug_macro   0x00000000000061c5      0x16f build/obj/src/main.o
 .debug_macro   0x0000000000006334       0x20 build/obj/src/main.o
 .debug_macro   0x0000000000006354      0x109 build/obj/src/main.o
 .debug_macro   0x000000000000645d      0x180 build/obj/src/main.o
 .debug_macro   0x00000000000065dd      0x15a build/obj/src/main.o
 .debug_macro   0x0000000000006737       0xea build/obj/src/main.o
 .debug_macro   0x0000000000006821       0x1c build/obj/src/main.o
 .debug_macro   0x000000000000683d       0x26 build/obj/src/main.o
 .debug_macro   0x0000000000006863      0x4c5 build/obj/src/main.o
 .debug_macro   0x0000000000006d28       0xb5 build/obj/src/main.o
 .debug_macro   0x0000000000006ddd      0x120 build/obj/src/main.o
 .debug_macro   0x0000000000006efd      0x600 build/lib/modules/freertos.a(tasks.o)
 .debug_macro   0x00000000000074fd       0x5e build/lib/modules/freertos.a(tasks.o)
 .debug_macro   0x000000000000755b       0x94 build/lib/modules/freertos.a(tasks.o)
 .debug_macro   0x00000000000075ef       0x16 build/lib/modules/freertos.a(tasks.o)
 .debug_macro   0x0000000000007605      0x10e build/lib/modules/freertos.a(tasks.o)
 .debug_macro   0x0000000000007713       0x8d build/lib/modules/freertos.a(tasks.o)
 .debug_macro   0x00000000000077a0       0x57 build/lib/modules/freertos.a(tasks.o)
 .debug_macro   0x00000000000077f7       0x16 build/lib/modules/freertos.a(tasks.o)
 .debug_macro   0x000000000000780d       0x29 build/lib/modules/freertos.a(tasks.o)
 .debug_macro   0x0000000000007836       0x16 build/lib/modules/freertos.a(tasks.o)
 .debug_macro   0x000000000000784c       0x1c build/lib/modules/freertos.a(tasks.o)
 .debug_macro   0x0000000000007868       0x91 build/lib/modules/freertos.a(tasks.o)
 .debug_macro   0x00000000000078f9       0x10 build/lib/modules/freertos.a(tasks.o)
 .debug_macro   0x0000000000007909      0x568 build/lib/modules/freertos.a(timers.o)
 .debug_macro   0x0000000000007e71       0x80 build/lib/modules/freertos.a(timers.o)
 .debug_macro   0x0000000000007ef1       0x97 build/lib/modules/freertos.a(timers.o)
 .debug_macro   0x0000000000007f88      0x5c0 build/lib/modules/freertos.a(port.o)
 .debug_macro   0x0000000000008548      0x53a build/lib/modules/freertos.a(heap_4.o)
 .debug_macro   0x0000000000008a82      0x51f build/lib/modules/freertos.a(list.o)
 .debug_macro   0x0000000000008fa1      0x5a3 build/lib/modules/freertos.a(queue.o)
 .debug_macro   0x0000000000009544      0x495 build/lib/boards/edu-ciaa-nxp.a(board.o)
 .debug_macro   0x00000000000099d9       0x73 build/lib/boards/edu-ciaa-nxp.a(board.o)
 .debug_macro   0x0000000000009a4c       0x97 build/lib/boards/edu-ciaa-nxp.a(board.o)
 .debug_macro   0x0000000000009ae3       0xfd build/lib/boards/edu-ciaa-nxp.a(board.o)
 .debug_macro   0x0000000000009be0      0x186 build/lib/boards/edu-ciaa-nxp.a(board.o)
 .debug_macro   0x0000000000009d66       0x1d build/lib/boards/edu-ciaa-nxp.a(armv7m_startup.o)
 .debug_macro   0x0000000000009d83      0x315 build/lib/boards/edu-ciaa-nxp.a(chip_18xx_43xx.o)
 .debug_macro   0x000000000000a098      0x31b build/lib/boards/edu-ciaa-nxp.a(clock_18xx_43xx.o)
 .debug_macro   0x000000000000a3b3      0x48c build/lib/boards/edu-ciaa-nxp.a(sysinit.o)
 .debug_macro   0x000000000000a83f      0x49e build/lib/boards/edu-ciaa-nxp.a(board_lpcopen.o)
 .debug_macro   0x000000000000acdd      0x48c build/lib/boards/edu-ciaa-nxp.a(board_sysinit.o)
 .debug_macro   0x000000000000b169      0x315 build/lib/boards/edu-ciaa-nxp.a(adc_18xx_43xx.o)
 .debug_macro   0x000000000000b47e      0x315 build/lib/boards/edu-ciaa-nxp.a(gpio_18xx_43xx.o)
 .debug_macro   0x000000000000b793      0x327 build/lib/boards/edu-ciaa-nxp.a(i2c_18xx_43xx.o)
 .debug_macro   0x000000000000baba      0x315 build/lib/boards/edu-ciaa-nxp.a(ssp_18xx_43xx.o)
 .debug_macro   0x000000000000bdcf      0x315 build/lib/boards/edu-ciaa-nxp.a(sysinit_18xx_43xx.o)
 .debug_macro   0x000000000000c0e4      0x315 build/lib/boards/edu-ciaa-nxp.a(uart_18xx_43xx.o)

.debug_line     0x0000000000000000    0x11cc1
 .debug_line    0x0000000000000000      0x92a build/obj/src/bsp.o
 .debug_line    0x000000000000092a      0xa59 build/obj/src/digital.o
 .debug_line    0x0000000000001383      0xb38 build/obj/src/main.o
 .debug_line    0x0000000000001ebb     0x21b6 build/lib/modules/freertos.a(tasks.o)
 .debug_line    0x0000000000004071     0x115e build/lib/modules/freertos.a(timers.o)
 .debug_line    0x00000000000051cf      0xd56 build/lib/modules/freertos.a(port.o)
 .debug_line    0x0000000000005f25      0xdbf build/lib/modules/freertos.a(heap_4.o)
 .debug_line    0x0000000000006ce4      0xb74 build/lib/modules/freertos.a(list.o)
 .debug_line    0x0000000000007858     0x1a82 build/lib/modules/freertos.a(queue.o)
 .debug_line    0x00000000000092da      0x9a5 build/lib/boards/edu-ciaa-nxp.a(board.o)
 .debug_line    0x0000000000009c7f      0x20d build/lib/boards/edu-ciaa-nxp.a(armv7m_startup.o)
 .debug_line    0x0000000000009e8c      0x819 build/lib/boards/edu-ciaa-nxp.a(chip_18xx_43xx.o)
 .debug_line    0x000000000000a6a5     0x1116 build/lib/boards/edu-ciaa-nxp.a(clock_18xx_43xx.o)
 .debug_line    0x000000000000b7bb      0x965 build/lib/boards/edu-ciaa-nxp.a(sysinit.o)
 .debug_line    0x000000000000c120      0xdba build/lib/boards/edu-ciaa-nxp.a(board_lpcopen.o)
 .debug_line    0x000000000000ceda      0xa2d build/lib/boards/edu-ciaa-nxp.a(board_sysinit.o)
 .debug_line    0x000000000000d907      0x9f9 build/lib/boards/edu-ciaa-nxp.a(adc_18xx_43xx.o)
 .debug_line    0x000000000000e300      0x783 build/lib/boards/edu-ciaa-nxp.a(gpio_18xx_43xx.o)
 .debug_line    0x000000000000ea83      0xe2b build/lib/boards/edu-ciaa-nxp.a(i2c_18xx_43xx.o)
 .debug_line    0x000000000000f8ae      0xdf9 build/lib/boards/edu-ciaa-nxp.a(ssp_18xx_43xx.o)
 .debug_line    0x00000000000106a7      0x901 build/lib/boards/edu-ciaa-nxp.a(sysinit_18xx_43xx.o)
 .debug_line    0x0000000000010fa8      0xd19 build/lib/boards/edu-ciaa-nxp.a(uart_18xx_43xx.o)

.debug_str      0x0000000000000000    0x26ef7
 .debug_str     0x0000000000000000    0x17910 build/obj/src/bsp.o
                                      0x17b6a (size before relaxing)
 .debug_str     0x0000000000017910      0x1be build/obj/src/digital.o
                                      0x16a5f (size before relaxing)
 .debug_str     0x0000000000017ace     0x8d4c build/obj/src/main.o
                                      0x2005b (size before relaxing)
 .debug_str     0x000000000002081a     0x1f06 build/lib/modules/freertos.a(tasks.o)
                                      0x21ed1 (size before relaxing)
 .debug_str     0x0000000000022720      0xd1c build/lib/modules/freertos.a(timers.o)
                                      0x2165c (size before relaxing)
 .debug_str     0x000000000002343c      0x803 build/lib/modules/freertos.a(port.o)
                                      0x20786 (size before relaxing)
 .debug_str     0x0000000000023c3f      0x34e build/lib/modules/freertos.a(heap_4.o)
                                      0x20360 (size before relaxing)
 .debug_str     0x0000000000023f8d       0xbc build/lib/modules/freertos.a(list.o)
                                      0x1e4c6 (size before relaxing)
 .debug_str     0x0000000000024049      0x82c build/lib/modules/freertos.a(queue.o)
                                      0x211a4 (size before relaxing)
 .debug_str     0x0000000000024875       0x58 build/lib/boards/edu-ciaa-nxp.a(board.o)
                                      0x1bafe (size before relaxing)
 .debug_str     0x00000000000248cd      0x1f6 build/lib/boards/edu-ciaa-nxp.a(armv7m_startup.o)
                                       0x2f4a (size before relaxing)
 .debug_str     0x0000000000024ac3      0x2ad build/lib/boards/edu-ciaa-nxp.a(chip_18xx_43xx.o)
                                      0x1753b (size before relaxing)
 .debug_str     0x0000000000024d70      0x662 build/lib/boards/edu-ciaa-nxp.a(clock_18xx_43xx.o)
                                      0x17ac8 (size before relaxing)
 .debug_str     0x00000000000253d2       0x92 build/lib/boards/edu-ciaa-nxp.a(sysinit.o)
                                      0x1a8e3 (size before relaxing)
 .debug_str     0x0000000000025464      0x815 build/lib/boards/edu-ciaa-nxp.a(board_lpcopen.o)
                                      0x1bb7f (size before relaxing)
 .debug_str     0x0000000000025c79      0x129 build/lib/boards/edu-ciaa-nxp.a(board_sysinit.o)
                                      0x1b5e6 (size before relaxing)
 .debug_str     0x0000000000025da2      0x240 build/lib/boards/edu-ciaa-nxp.a(adc_18xx_43xx.o)
                                      0x17068 (size before relaxing)
 .debug_str     0x0000000000025fe2       0x7e build/lib/boards/edu-ciaa-nxp.a(gpio_18xx_43xx.o)
                                      0x1685b (size before relaxing)
 .debug_str     0x0000000000026060      0x5eb build/lib/boards/edu-ciaa-nxp.a(i2c_18xx_43xx.o)
                                      0x17803 (size before relaxing)
 .debug_str     0x000000000002664b      0x437 build/lib/boards/edu-ciaa-nxp.a(ssp_18xx_43xx.o)
                                      0x17262 (size before relaxing)
 .debug_str     0x0000000000026a82       0xfd build/lib/boards/edu-ciaa-nxp.a(sysinit_18xx_43xx.o)
                                      0x1750d (size before relaxing)
 .debug_str     0x0000000000026b7f      0x378 build/lib/boards/edu-ciaa-nxp.a(uart_18xx_43xx.o)
                                      0x17683 (size before relaxing)

.comment        0x0000000000000000       0x49
 .comment       0x0000000000000000       0x49 build/obj/src/bsp.o
                                         0x4a (size before relaxing)
 .comment       0x0000000000000049       0x4a build/obj/src/digital.o
 .comment       0x0000000000000049       0x4a build/obj/src/main.o
 .comment       0x0000000000000049       0x4a build/lib/modules/freertos.a(tasks.o)
 .comment       0x0000000000000049       0x4a build/lib/modules/freertos.a(timers.o)
 .comment       0x0000000000000049       0x4a build/lib/modules/freertos.a(port.o)
 .comment       0x0000000000000049       0x4a build/lib/modules/freertos.a(heap_4.o)
 .comment       0x0000000000000049       0x4a build/lib/modules/freertos.a(list.o)
 .comment       0x0000000000000049       0x4a build/lib/modules/freertos.a(queue.o)
 .comment       0x0000000000000049       0x4a build/lib/boards/edu-ciaa-nxp.a(board.o)
 .comment       0x0000000000000049       0x4a build/lib/boards/edu-ciaa-nxp.a(armv7m_startup.o)
 .comment       0x0000000000000049       0x4a build/lib/boards/edu-ciaa-nxp.a(chip_18xx_43xx.o)
 .comment       0x0000000000000049       0x4a build/lib/boards/edu-ciaa-nxp.a(clock_18xx_43xx.o)
 .comment       0x0000000000000049       0x4a build/lib/boards/edu-ciaa-nxp.a(sysinit.o)
 .comment       0x0000000000000049       0x4a build/lib/boards/edu-ciaa-nxp.a(board_lpcopen.o)
 .comment       0x0000000000000049       0x4a build/lib/boards/edu-ciaa-nxp.a(board_sysinit.o)
 .comment       0x0000000000000049       0x4a build/lib/boards/edu-ciaa-nxp.a(adc_18xx_43xx.o)
 .comment       0x0000000000000049       0x4a build/lib/boards/edu-ciaa-nxp.a(gpio_18xx_43xx.o)
 .comment       0x0000000000000049       0x4a build/lib/boards/edu-ciaa-nxp.a(i2c_18xx_43xx.o)
 .comment       0x0000000000000049       0x4a build/lib/boards/edu-ciaa-nxp.a(ssp_18xx_43xx.o)
 .comment       0x0000000000000049       0x4a build/lib/boards/edu-ciaa-nxp.a(sysinit_18xx_43xx.o)
 .comment       0x0000000000000049       0x4a build/lib/boards/edu-ciaa-nxp.a(uart_18xx_43xx.o)

.ARM.attributes
                0x0000000000000000       0x30
 .ARM.attributes
                0x0000000000000000       0x32 build/obj/src/bsp.o
 .ARM.attributes
                0x0000000000000032       0x32 build/obj/src/digital.o
 .ARM.attributes
                0x0000000000000064       0x32 build/obj/src/main.o
 .ARM.attributes
                0x0000000000000096       0x32 build/lib/modules/freertos.a(tasks.o)
 .ARM.attributes
                0x00000000000000c8       0x32 build/lib/modules/freertos.a(timers.o)
 .ARM.attributes
                0x00000000000000fa       0x32 build/lib/modules/freertos.a(port.o)
 .ARM.attributes
                0x000000000000012c       0x32 build/lib/modules/freertos.a(heap_4.o)
 .ARM.attributes
                0x000000000000015e       0x32 build/lib/modules/freertos.a(list.o)
 .ARM.attributes
                0x0000000000000190       0x32 build/lib/modules/freertos.a(queue.o)
 .ARM.attributes
                0x00000000000001c2       0x32 build/lib/boards/edu-ciaa-nxp.a(board.o)
 .ARM.attributes
                0x00000000000001f4       0x32 build/lib/boards/edu-ciaa-nxp.a(armv7m_startup.o)
 .ARM.attributes
                0x0000000000000226       0x32 build/lib/boards/edu-ciaa-nxp.a(chip_18xx_43xx.o)
 .ARM.attributes
                0x0000000000000258       0x32 build/lib/boards/edu-ciaa-nxp.a(clock_18xx_43xx.o)
 .ARM.attributes
                0x000000000000028a       0x32 build/lib/boards/edu-ciaa-nxp.a(sysinit.o)
 .ARM.attributes
                0x00000000000002bc       0x32 build/lib/boards/edu-ciaa-nxp.a(board_lpcopen.o)
 .ARM.attributes
                0x00000000000002ee       0x32 build/lib/boards/edu-ciaa-nxp.a(board_sysinit.o)
 .ARM.attributes
                0x0000000000000320       0x32 build/lib/boards/edu-ciaa-nxp.a(adc_18xx_43xx.o)
 .ARM.attributes
                0x0000000000000352       0x32 build/lib/boards/edu-ciaa-nxp.a(gpio_18xx_43xx.o)
 .ARM.attributes
                0x0000000000000384       0x32 build/lib/boards/edu-ciaa-nxp.a(i2c_18xx_43xx.o)
 .ARM.attributes
                0x00000000000003b6       0x32 build/lib/boards/edu-ciaa-nxp.a(ssp_18xx_43xx.o)
 .ARM.attributes
                0x00000000000003e8       0x32 build/lib/boards/edu-ciaa-nxp.a(sysinit_18xx_43xx.o)
 .ARM.attributes
                0x000000000000041a       0x32 build/lib/boards/edu-ciaa-nxp.a(uart_18xx_43xx.o)
 .ARM.attributes
                0x000000000000044c       0x1e /usr/local/share/gcc-arm-none-eabi-10.3-2021.10/bin/../lib/gcc/arm-none-eabi/10.3.1/thumb/v7e-m+fp/softfp/libgcc.a(_aeabi_uldivmod.o)
 .ARM.attributes
                0x000000000000046a       0x32 /usr/local/share/gcc-arm-none-eabi-10.3-2021.10/bin/../lib/gcc/arm-none-eabi/10.3.1/thumb/v7e-m+fp/softfp/libgcc.a(_udivmoddi4.o)
 .ARM.attributes
                0x000000000000049c       0x1e /usr/local/share/gcc-arm-none-eabi-10.3-2021.10/bin/../lib/gcc/arm-none-eabi/10.3.1/thumb/v7e-m+fp/softfp/libgcc.a(_dvmd_tls.o)
 .ARM.attributes
                0x00000000000004ba       0x32 /usr/local/share/gcc-arm-none-eabi-10.3-2021.10/bin/../lib/gcc/arm-none-eabi/10.3.1/../../../../arm-none-eabi/lib/thumb/v7e-m+fp/softfp/libc_nano.a(lib_a-init.o)
 .ARM.attributes
                0x00000000000004ec       0x32 /usr/local/share/gcc-arm-none-eabi-10.3-2021.10/bin/../lib/gcc/arm-none-eabi/10.3.1/../../../../arm-none-eabi/lib/thumb/v7e-m+fp/softfp/libc_nano.a(lib_a-memcpy-stub.o)
 .ARM.attributes
                0x000000000000051e       0x32 /usr/local/share/gcc-arm-none-eabi-10.3-2021.10/bin/../lib/gcc/arm-none-eabi/10.3.1/../../../../arm-none-eabi/lib/thumb/v7e-m+fp/softfp/libc_nano.a(lib_a-memset.o)
 .ARM.attributes
                0x0000000000000550       0x17 /usr/local/share/gcc-arm-none-eabi-10.3-2021.10/bin/../lib/gcc/arm-none-eabi/10.3.1/../../../../arm-none-eabi/lib/thumb/v7e-m+fp/softfp/libc_nano.a(lib_a-strlen.o)

.debug_frame    0x0000000000000000     0x3ac4
 .debug_frame   0x0000000000000000      0x160 build/obj/src/bsp.o
 .debug_frame   0x0000000000000160      0x294 build/obj/src/digital.o
 .debug_frame   0x00000000000003f4       0x90 build/obj/src/main.o
 .debug_frame   0x0000000000000484      0x8e0 build/lib/modules/freertos.a(tasks.o)
 .debug_frame   0x0000000000000d64      0x3d4 build/lib/modules/freertos.a(timers.o)
 .debug_frame   0x0000000000001138      0x1a8 build/lib/modules/freertos.a(port.o)
 .debug_frame   0x00000000000012e0      0x12c build/lib/modules/freertos.a(heap_4.o)
 .debug_frame   0x000000000000140c       0xd8 build/lib/modules/freertos.a(list.o)
 .debug_frame   0x00000000000014e4      0x580 build/lib/modules/freertos.a(queue.o)
 .debug_frame   0x0000000000001a64       0x58 build/lib/boards/edu-ciaa-nxp.a(board.o)
 .debug_frame   0x0000000000001abc      0x1b8 build/lib/boards/edu-ciaa-nxp.a(armv7m_startup.o)
 .debug_frame   0x0000000000001c74       0xa0 build/lib/boards/edu-ciaa-nxp.a(chip_18xx_43xx.o)
 .debug_frame   0x0000000000001d14      0x568 build/lib/boards/edu-ciaa-nxp.a(clock_18xx_43xx.o)
 .debug_frame   0x000000000000227c       0x54 build/lib/boards/edu-ciaa-nxp.a(sysinit.o)
 .debug_frame   0x00000000000022d0      0x4f4 build/lib/boards/edu-ciaa-nxp.a(board_lpcopen.o)
 .debug_frame   0x00000000000027c4       0xe0 build/lib/boards/edu-ciaa-nxp.a(board_sysinit.o)
 .debug_frame   0x00000000000028a4      0x264 build/lib/boards/edu-ciaa-nxp.a(adc_18xx_43xx.o)
 .debug_frame   0x0000000000002b08       0x60 build/lib/boards/edu-ciaa-nxp.a(gpio_18xx_43xx.o)
 .debug_frame   0x0000000000002b68      0x4c8 build/lib/boards/edu-ciaa-nxp.a(i2c_18xx_43xx.o)
 .debug_frame   0x0000000000003030      0x3e8 build/lib/boards/edu-ciaa-nxp.a(ssp_18xx_43xx.o)
 .debug_frame   0x0000000000003418       0xf4 build/lib/boards/edu-ciaa-nxp.a(sysinit_18xx_43xx.o)
 .debug_frame   0x000000000000350c      0x4e4 build/lib/boards/edu-ciaa-nxp.a(uart_18xx_43xx.o)
 .debug_frame   0x00000000000039f0       0x2c /usr/local/share/gcc-arm-none-eabi-10.3-2021.10/bin/../lib/gcc/arm-none-eabi/10.3.1/thumb/v7e-m+fp/softfp/libgcc.a(_aeabi_uldivmod.o)
 .debug_frame   0x0000000000003a1c       0x34 /usr/local/share/gcc-arm-none-eabi-10.3-2021.10/bin/../lib/gcc/arm-none-eabi/10.3.1/thumb/v7e-m+fp/softfp/libgcc.a(_udivmoddi4.o)
 .debug_frame   0x0000000000003a50       0x2c /usr/local/share/gcc-arm-none-eabi-10.3-2021.10/bin/../lib/gcc/arm-none-eabi/10.3.1/../../../../arm-none-eabi/lib/thumb/v7e-m+fp/softfp/libc_nano.a(lib_a-init.o)
 .debug_frame   0x0000000000003a7c       0x28 /usr/local/share/gcc-arm-none-eabi-10.3-2021.10/bin/../lib/gcc/arm-none-eabi/10.3.1/../../../../arm-none-eabi/lib/thumb/v7e-m+fp/softfp/libc_nano.a(lib_a-memcpy-stub.o)
 .debug_frame   0x0000000000003aa4       0x20 /usr/local/share/gcc-arm-none-eabi-10.3-2021.10/bin/../lib/gcc/arm-none-eabi/10.3.1/../../../../arm-none-eabi/lib/thumb/v7e-m+fp/softfp/libc_nano.a(lib_a-memset.o)

Cross Reference Table

Symbol                                            File
Blinking                                          build/obj/src/main.o
BlinkingSync                                      build/obj/src/main.o
BoardCreate                                       build/obj/src/bsp.o
                                                  build/obj/src/main.o
BoardInit                                         build/lib/boards/edu-ciaa-nxp.a(board.o)
Board_ADC_ReadBegin                               build/lib/boards/edu-ciaa-nxp.a(board_lpcopen.o)
Board_ADC_ReadEnd                                 build/lib/boards/edu-ciaa-nxp.a(board_lpcopen.o)
Board_ADC_ReadWait                                build/lib/boards/edu-ciaa-nxp.a(board_lpcopen.o)
Board_Debug_Init                                  build/lib/boards/edu-ciaa-nxp.a(board_lpcopen.o)
Board_Init                                        build/lib/boards/edu-ciaa-nxp.a(board_lpcopen.o)
                                                  build/lib/boards/edu-ciaa-nxp.a(sysinit.o)
Board_LED_Set                                     build/lib/boards/edu-ciaa-nxp.a(board_lpcopen.o)
Board_LED_Test                                    build/lib/boards/edu-ciaa-nxp.a(board_lpcopen.o)
Board_LED_Toggle                                  build/lib/boards/edu-ciaa-nxp.a(board_lpcopen.o)
Board_SetupClocking                               build/lib/boards/edu-ciaa-nxp.a(board_sysinit.o)
Board_SetupMuxing                                 build/lib/boards/edu-ciaa-nxp.a(board_sysinit.o)
Board_SystemInit                                  build/lib/boards/edu-ciaa-nxp.a(board_sysinit.o)
                                                  build/lib/boards/edu-ciaa-nxp.a(sysinit.o)
Board_TEC_GetStatus                               build/lib/boards/edu-ciaa-nxp.a(board_lpcopen.o)
Board_UARTGetChar                                 build/lib/boards/edu-ciaa-nxp.a(board_lpcopen.o)
Board_UARTPutChar                                 build/lib/boards/edu-ciaa-nxp.a(board_lpcopen.o)
Board_UARTPutSTR                                  build/lib/boards/edu-ciaa-nxp.a(board_lpcopen.o)
BusFault_Handler                                  build/lib/boards/edu-ciaa-nxp.a(armv7m_startup.o)
Chip_ADC_DeInit                                   build/lib/boards/edu-ciaa-nxp.a(adc_18xx_43xx.o)
Chip_ADC_EnableChannel                            build/lib/boards/edu-ciaa-nxp.a(adc_18xx_43xx.o)
                                                  build/lib/boards/edu-ciaa-nxp.a(board_lpcopen.o)
Chip_ADC_Init                                     build/lib/boards/edu-ciaa-nxp.a(adc_18xx_43xx.o)
                                                  build/lib/boards/edu-ciaa-nxp.a(board_lpcopen.o)
Chip_ADC_Int_SetChannelCmd                        build/lib/boards/edu-ciaa-nxp.a(adc_18xx_43xx.o)
Chip_ADC_ReadByte                                 build/lib/boards/edu-ciaa-nxp.a(adc_18xx_43xx.o)
Chip_ADC_ReadStatus                               build/lib/boards/edu-ciaa-nxp.a(adc_18xx_43xx.o)
                                                  build/lib/boards/edu-ciaa-nxp.a(board_lpcopen.o)
Chip_ADC_ReadValue                                build/lib/boards/edu-ciaa-nxp.a(adc_18xx_43xx.o)
                                                  build/lib/boards/edu-ciaa-nxp.a(board_lpcopen.o)
Chip_ADC_SetBurstCmd                              build/lib/boards/edu-ciaa-nxp.a(adc_18xx_43xx.o)
                                                  build/lib/boards/edu-ciaa-nxp.a(board_lpcopen.o)
Chip_ADC_SetResolution                            build/lib/boards/edu-ciaa-nxp.a(adc_18xx_43xx.o)
                                                  build/lib/boards/edu-ciaa-nxp.a(board_lpcopen.o)
Chip_ADC_SetSampleRate                            build/lib/boards/edu-ciaa-nxp.a(adc_18xx_43xx.o)
                                                  build/lib/boards/edu-ciaa-nxp.a(board_lpcopen.o)
Chip_ADC_SetStartMode                             build/lib/boards/edu-ciaa-nxp.a(adc_18xx_43xx.o)
                                                  build/lib/boards/edu-ciaa-nxp.a(board_lpcopen.o)
Chip_Clock_CalcMainPLLValue                       build/lib/boards/edu-ciaa-nxp.a(clock_18xx_43xx.o)
                                                  build/lib/boards/edu-ciaa-nxp.a(sysinit_18xx_43xx.o)
Chip_Clock_ClearPowerDown                         build/lib/boards/edu-ciaa-nxp.a(clock_18xx_43xx.o)
Chip_Clock_Disable                                build/lib/boards/edu-ciaa-nxp.a(clock_18xx_43xx.o)
                                                  build/lib/boards/edu-ciaa-nxp.a(uart_18xx_43xx.o)
                                                  build/lib/boards/edu-ciaa-nxp.a(ssp_18xx_43xx.o)
                                                  build/lib/boards/edu-ciaa-nxp.a(i2c_18xx_43xx.o)
                                                  build/lib/boards/edu-ciaa-nxp.a(adc_18xx_43xx.o)
Chip_Clock_DisableBaseClock                       build/lib/boards/edu-ciaa-nxp.a(clock_18xx_43xx.o)
Chip_Clock_DisableCrystal                         build/lib/boards/edu-ciaa-nxp.a(clock_18xx_43xx.o)
Chip_Clock_DisablePLL                             build/lib/boards/edu-ciaa-nxp.a(clock_18xx_43xx.o)
Chip_Clock_Enable                                 build/lib/boards/edu-ciaa-nxp.a(clock_18xx_43xx.o)
                                                  build/lib/boards/edu-ciaa-nxp.a(ssp_18xx_43xx.o)
                                                  build/lib/boards/edu-ciaa-nxp.a(i2c_18xx_43xx.o)
Chip_Clock_EnableBaseClock                        build/lib/boards/edu-ciaa-nxp.a(clock_18xx_43xx.o)
                                                  build/lib/boards/edu-ciaa-nxp.a(chip_18xx_43xx.o)
Chip_Clock_EnableCrystal                          build/lib/boards/edu-ciaa-nxp.a(clock_18xx_43xx.o)
                                                  build/lib/boards/edu-ciaa-nxp.a(sysinit_18xx_43xx.o)
Chip_Clock_EnableOpts                             build/lib/boards/edu-ciaa-nxp.a(clock_18xx_43xx.o)
                                                  build/lib/boards/edu-ciaa-nxp.a(uart_18xx_43xx.o)
                                                  build/lib/boards/edu-ciaa-nxp.a(adc_18xx_43xx.o)
                                                  build/lib/boards/edu-ciaa-nxp.a(chip_18xx_43xx.o)
Chip_Clock_EnablePLL                              build/lib/boards/edu-ciaa-nxp.a(clock_18xx_43xx.o)
                                                  build/lib/boards/edu-ciaa-nxp.a(chip_18xx_43xx.o)
Chip_Clock_GetBaseClock                           build/lib/boards/edu-ciaa-nxp.a(clock_18xx_43xx.o)
Chip_Clock_GetBaseClockOpts                       build/lib/boards/edu-ciaa-nxp.a(clock_18xx_43xx.o)
Chip_Clock_GetBaseClocktHz                        build/lib/boards/edu-ciaa-nxp.a(clock_18xx_43xx.o)
Chip_Clock_GetClockInputHz                        build/lib/boards/edu-ciaa-nxp.a(clock_18xx_43xx.o)
                                                  build/lib/boards/edu-ciaa-nxp.a(chip_18xx_43xx.o)
Chip_Clock_GetDividerDivisor                      build/lib/boards/edu-ciaa-nxp.a(clock_18xx_43xx.o)
Chip_Clock_GetDividerSource                       build/lib/boards/edu-ciaa-nxp.a(clock_18xx_43xx.o)
Chip_Clock_GetEMCRate                             build/lib/boards/edu-ciaa-nxp.a(clock_18xx_43xx.o)
Chip_Clock_GetMainPLLHz                           build/lib/boards/edu-ciaa-nxp.a(clock_18xx_43xx.o)
Chip_Clock_GetPLLStatus                           build/lib/boards/edu-ciaa-nxp.a(clock_18xx_43xx.o)
                                                  build/lib/boards/edu-ciaa-nxp.a(chip_18xx_43xx.o)
Chip_Clock_GetRate                                build/lib/boards/edu-ciaa-nxp.a(clock_18xx_43xx.o)
                                                  build/lib/boards/edu-ciaa-nxp.a(uart_18xx_43xx.o)
                                                  build/lib/boards/edu-ciaa-nxp.a(ssp_18xx_43xx.o)
                                                  build/lib/boards/edu-ciaa-nxp.a(i2c_18xx_43xx.o)
                                                  build/lib/boards/edu-ciaa-nxp.a(adc_18xx_43xx.o)
                                                  build/lib/boards/edu-ciaa-nxp.a(chip_18xx_43xx.o)
Chip_Clock_IsBaseClockEnabled                     build/lib/boards/edu-ciaa-nxp.a(clock_18xx_43xx.o)
Chip_Clock_RTCEnable                              build/lib/boards/edu-ciaa-nxp.a(clock_18xx_43xx.o)
Chip_Clock_SetBaseClock                           build/lib/boards/edu-ciaa-nxp.a(clock_18xx_43xx.o)
                                                  build/lib/boards/edu-ciaa-nxp.a(sysinit_18xx_43xx.o)
                                                  build/lib/boards/edu-ciaa-nxp.a(board_sysinit.o)
                                                  build/lib/boards/edu-ciaa-nxp.a(chip_18xx_43xx.o)
Chip_Clock_SetDivider                             build/lib/boards/edu-ciaa-nxp.a(clock_18xx_43xx.o)
                                                  build/lib/boards/edu-ciaa-nxp.a(chip_18xx_43xx.o)
Chip_Clock_SetupMainPLLHz                         build/lib/boards/edu-ciaa-nxp.a(clock_18xx_43xx.o)
Chip_Clock_SetupMainPLLMult                       build/lib/boards/edu-ciaa-nxp.a(clock_18xx_43xx.o)
Chip_Clock_SetupPLL                               build/lib/boards/edu-ciaa-nxp.a(clock_18xx_43xx.o)
                                                  build/lib/boards/edu-ciaa-nxp.a(chip_18xx_43xx.o)
Chip_Clock_StartPowerDown                         build/lib/boards/edu-ciaa-nxp.a(clock_18xx_43xx.o)
Chip_GPIO_DeInit                                  build/lib/boards/edu-ciaa-nxp.a(gpio_18xx_43xx.o)
Chip_GPIO_Init                                    build/lib/boards/edu-ciaa-nxp.a(gpio_18xx_43xx.o)
                                                  build/lib/boards/edu-ciaa-nxp.a(board_lpcopen.o)
Chip_I2C_DeInit                                   build/lib/boards/edu-ciaa-nxp.a(i2c_18xx_43xx.o)
Chip_I2C_Disable                                  build/lib/boards/edu-ciaa-nxp.a(i2c_18xx_43xx.o)
Chip_I2C_EventHandler                             build/lib/boards/edu-ciaa-nxp.a(i2c_18xx_43xx.o)
Chip_I2C_EventHandlerPolling                      build/lib/boards/edu-ciaa-nxp.a(i2c_18xx_43xx.o)
Chip_I2C_GetClockRate                             build/lib/boards/edu-ciaa-nxp.a(i2c_18xx_43xx.o)
Chip_I2C_GetMasterEventHandler                    build/lib/boards/edu-ciaa-nxp.a(i2c_18xx_43xx.o)
Chip_I2C_Init                                     build/lib/boards/edu-ciaa-nxp.a(i2c_18xx_43xx.o)
                                                  build/lib/boards/edu-ciaa-nxp.a(board_lpcopen.o)
Chip_I2C_IsMasterActive                           build/lib/boards/edu-ciaa-nxp.a(i2c_18xx_43xx.o)
Chip_I2C_IsStateChanged                           build/lib/boards/edu-ciaa-nxp.a(i2c_18xx_43xx.o)
Chip_I2C_MasterCmdRead                            build/lib/boards/edu-ciaa-nxp.a(i2c_18xx_43xx.o)
Chip_I2C_MasterRead                               build/lib/boards/edu-ciaa-nxp.a(i2c_18xx_43xx.o)
Chip_I2C_MasterSend                               build/lib/boards/edu-ciaa-nxp.a(i2c_18xx_43xx.o)
Chip_I2C_MasterStateHandler                       build/lib/boards/edu-ciaa-nxp.a(i2c_18xx_43xx.o)
Chip_I2C_MasterTransfer                           build/lib/boards/edu-ciaa-nxp.a(i2c_18xx_43xx.o)
Chip_I2C_SetClockRate                             build/lib/boards/edu-ciaa-nxp.a(i2c_18xx_43xx.o)
                                                  build/lib/boards/edu-ciaa-nxp.a(board_lpcopen.o)
Chip_I2C_SetMasterEventHandler                    build/lib/boards/edu-ciaa-nxp.a(i2c_18xx_43xx.o)
Chip_I2C_SlaveSetup                               build/lib/boards/edu-ciaa-nxp.a(i2c_18xx_43xx.o)
Chip_I2C_SlaveStateHandler                        build/lib/boards/edu-ciaa-nxp.a(i2c_18xx_43xx.o)
Chip_SSP_DeInit                                   build/lib/boards/edu-ciaa-nxp.a(ssp_18xx_43xx.o)
Chip_SSP_Init                                     build/lib/boards/edu-ciaa-nxp.a(ssp_18xx_43xx.o)
                                                  build/lib/boards/edu-ciaa-nxp.a(board_lpcopen.o)
Chip_SSP_Int_FlushData                            build/lib/boards/edu-ciaa-nxp.a(ssp_18xx_43xx.o)
Chip_SSP_Int_RWFrames16Bits                       build/lib/boards/edu-ciaa-nxp.a(ssp_18xx_43xx.o)
Chip_SSP_Int_RWFrames8Bits                        build/lib/boards/edu-ciaa-nxp.a(ssp_18xx_43xx.o)
Chip_SSP_RWFrames_Blocking                        build/lib/boards/edu-ciaa-nxp.a(ssp_18xx_43xx.o)
Chip_SSP_ReadFrames_Blocking                      build/lib/boards/edu-ciaa-nxp.a(ssp_18xx_43xx.o)
Chip_SSP_SetBitRate                               build/lib/boards/edu-ciaa-nxp.a(ssp_18xx_43xx.o)
                                                  build/lib/boards/edu-ciaa-nxp.a(board_lpcopen.o)
Chip_SSP_SetClockRate                             build/lib/boards/edu-ciaa-nxp.a(ssp_18xx_43xx.o)
Chip_SSP_SetMaster                                build/lib/boards/edu-ciaa-nxp.a(ssp_18xx_43xx.o)
Chip_SSP_WriteFrames_Blocking                     build/lib/boards/edu-ciaa-nxp.a(ssp_18xx_43xx.o)
Chip_SetupCoreClock                               build/lib/boards/edu-ciaa-nxp.a(sysinit_18xx_43xx.o)
                                                  build/lib/boards/edu-ciaa-nxp.a(board_sysinit.o)
Chip_SetupIrcClocking                             build/lib/boards/edu-ciaa-nxp.a(sysinit_18xx_43xx.o)
Chip_SetupXtalClocking                            build/lib/boards/edu-ciaa-nxp.a(sysinit_18xx_43xx.o)